Component: ARM Compiler 5.06 update 6 (build 750) Tool: armlink [4d35ed]

==============================================================================

Section Cross References

    main.o(i.main) refers to delay.o(i.delay_init) for delay_init
    main.o(i.main) refers to led.o(i.LED_Init) for LED_Init
    main.o(i.main) refers to usart.o(i.USART1_Init) for USART1_Init
    main.o(i.main) refers to usart.o(i.USART3_Init) for USART3_Init
    main.o(i.main) refers to rs485.o(i.ModBusConfig) for ModBusConfig
    main.o(i.main) refers to memseta.o(.text) for __aeabi_memclr
    main.o(i.main) refers to wifi.o(i.MQTTClientConfig) for MQTTClientConfig
    main.o(i.main) refers to rs485.o(i.WriteData) for WriteData
    main.o(i.main) refers to mqttconfig.o(i.SubscribeTheam) for SubscribeTheam
    main.o(i.main) refers to mqttconfig.o(i.UnsubscribeThem) for UnsubscribeThem
    main.o(i.main) refers to rs485.o(i.GetHumAndTemp) for GetHumAndTemp
    main.o(i.main) refers to mqttconfig.o(i.PublishMessage) for PublishMessage
    main.o(i.main) refers to delay.o(i.delay_ms) for delay_ms
    main.o(i.main) refers to usart.o(.data) for flag
    main.o(i.main) refers to usart.o(.bss) for SUBBUF
    main.o(i.main) refers to rs485.o(.data) for DataReady
    main.o(i.main) refers to rs485.o(.bss) for DataBuf
    system_stm32f4xx.o(i.SystemCoreClockUpdate) refers to system_stm32f4xx.o(.data) for SystemCoreClock
    system_stm32f4xx.o(i.SystemInit) refers to system_stm32f4xx.o(i.SetSysClock) for SetSysClock
    led.o(i.LED_Init) refers to stm32f4xx_rcc.o(i.RCC_AHB1PeriphClockCmd) for RCC_AHB1PeriphClockCmd
    led.o(i.LED_Init) refers to stm32f4xx_gpio.o(i.GPIO_Init) for GPIO_Init
    led.o(i.LED_Init) refers to stm32f4xx_gpio.o(i.GPIO_SetBits) for GPIO_SetBits
    delay.o(i.delay_init) refers to misc.o(i.SysTick_CLKSourceConfig) for SysTick_CLKSourceConfig
    delay.o(i.delay_init) refers to delay.o(.data) for fac_us
    delay.o(i.delay_ms) refers to delay.o(i.delay_xms) for delay_xms
    delay.o(i.delay_us) refers to delay.o(.data) for fac_us
    delay.o(i.delay_xms) refers to delay.o(.data) for fac_ms
    usart.o(i.USART1_IRQHandler) refers to stm32f4xx_usart.o(i.USART_GetITStatus) for USART_GetITStatus
    usart.o(i.USART1_IRQHandler) refers to stm32f4xx_usart.o(i.USART_ReceiveData) for USART_ReceiveData
    usart.o(i.USART1_IRQHandler) refers to printf3.o(i.__0printf$3) for __2printf
    usart.o(i.USART1_IRQHandler) refers to stm32f4xx_usart.o(i.USART_ClearFlag) for USART_ClearFlag
    usart.o(i.USART1_IRQHandler) refers to strstr.o(.text) for strstr
    usart.o(i.USART1_IRQHandler) refers to memseta.o(.text) for __aeabi_memclr
    usart.o(i.USART1_IRQHandler) refers to usart.o(.bss) for SUBBUF
    usart.o(i.USART1_IRQHandler) refers to usart.o(.data) for SUBCont
    usart.o(i.USART1_Init) refers to stm32f4xx_rcc.o(i.RCC_AHB1PeriphClockCmd) for RCC_AHB1PeriphClockCmd
    usart.o(i.USART1_Init) refers to stm32f4xx_rcc.o(i.RCC_APB2PeriphClockCmd) for RCC_APB2PeriphClockCmd
    usart.o(i.USART1_Init) refers to stm32f4xx_gpio.o(i.GPIO_PinAFConfig) for GPIO_PinAFConfig
    usart.o(i.USART1_Init) refers to stm32f4xx_gpio.o(i.GPIO_Init) for GPIO_Init
    usart.o(i.USART1_Init) refers to stm32f4xx_usart.o(i.USART_Init) for USART_Init
    usart.o(i.USART1_Init) refers to stm32f4xx_usart.o(i.USART_Cmd) for USART_Cmd
    usart.o(i.USART1_Init) refers to stm32f4xx_usart.o(i.USART_ClearFlag) for USART_ClearFlag
    usart.o(i.USART1_Init) refers to stm32f4xx_usart.o(i.USART_ITConfig) for USART_ITConfig
    usart.o(i.USART1_Init) refers to misc.o(i.NVIC_Init) for NVIC_Init
    usart.o(i.USART3_IRQHandler) refers to stm32f4xx_usart.o(i.USART_GetITStatus) for USART_GetITStatus
    usart.o(i.USART3_IRQHandler) refers to stm32f4xx_usart.o(i.USART_ReceiveData) for USART_ReceiveData
    usart.o(i.USART3_IRQHandler) refers to stm32f4xx_usart.o(i.USART_ClearFlag) for USART_ClearFlag
    usart.o(i.USART3_IRQHandler) refers to wifi.o(i.Receive_AT_Data) for Receive_AT_Data
    usart.o(i.USART3_IRQHandler) refers to mqttconfig.o(i.Receive_Connect_Data) for Receive_Connect_Data
    usart.o(i.USART3_IRQHandler) refers to memseta.o(.text) for __aeabi_memclr
    usart.o(i.USART3_IRQHandler) refers to printf3.o(i.__0printf$3) for __2printf
    usart.o(i.USART3_IRQHandler) refers to mqttconfig.o(i.PublishMessageAnalysis) for PublishMessageAnalysis
    usart.o(i.USART3_IRQHandler) refers to usart.o(.bss) for WIFIRecBuf
    usart.o(i.USART3_IRQHandler) refers to usart.o(.data) for WIFIRxCont
    usart.o(i.USART3_Init) refers to stm32f4xx_rcc.o(i.RCC_AHB1PeriphClockCmd) for RCC_AHB1PeriphClockCmd
    usart.o(i.USART3_Init) refers to stm32f4xx_rcc.o(i.RCC_APB1PeriphClockCmd) for RCC_APB1PeriphClockCmd
    usart.o(i.USART3_Init) refers to stm32f4xx_gpio.o(i.GPIO_PinAFConfig) for GPIO_PinAFConfig
    usart.o(i.USART3_Init) refers to stm32f4xx_gpio.o(i.GPIO_Init) for GPIO_Init
    usart.o(i.USART3_Init) refers to stm32f4xx_usart.o(i.USART_Init) for USART_Init
[...]
    printf2.o(i.__0vsnprintf$2) refers to printf2.o(i._snputc) for _snputc
    printf2.o(i.__0vsprintf$2) refers to printf2.o(i._printf_core) for _printf_core
    printf2.o(i.__0vsprintf$2) refers to printf2.o(i._sputc) for _sputc
    printf3.o(i.__0fprintf$3) refers to printf3.o(i._printf_core) for _printf_core
    printf3.o(i.__0fprintf$3) refers to usart.o(i.fputc) for fputc
    printf3.o(i.__0printf$3) refers to printf3.o(i._printf_core) for _printf_core
    printf3.o(i.__0printf$3) refers to usart.o(i.fputc) for fputc
    printf3.o(i.__0printf$3) refers to usart.o(.data) for __stdout
    printf3.o(i.__0snprintf$3) refers to printf3.o(i._printf_core) for _printf_core
    printf3.o(i.__0snprintf$3) refers to printf3.o(i._snputc) for _snputc
    printf3.o(i.__0sprintf$3) refers to printf3.o(i._printf_core) for _printf_core
    printf3.o(i.__0sprintf$3) refers to printf3.o(i._sputc) for _sputc
    printf3.o(i.__0vfprintf$3) refers to printf3.o(i._printf_core) for _printf_core
    printf3.o(i.__0vfprintf$3) refers to usart.o(i.fputc) for fputc
    printf3.o(i.__0vprintf$3) refers to printf3.o(i._printf_core) for _printf_core
    printf3.o(i.__0vprintf$3) refers to usart.o(i.fputc) for fputc
    printf3.o(i.__0vprintf$3) refers to usart.o(.data) for __stdout
    printf3.o(i.__0vsnprintf$3) refers to printf3.o(i._printf_core) for _printf_core
    printf3.o(i.__0vsnprintf$3) refers to printf3.o(i._snputc) for _snputc
    printf3.o(i.__0vsprintf$3) refers to printf3.o(i._printf_core) for _printf_core
    printf3.o(i.__0vsprintf$3) refers to printf3.o(i._sputc) for _sputc
    printf3.o(i._printf_core) refers to uidiv.o(.text) for __aeabi_uidivmod
    printf4.o(i.__0fprintf$4) refers to printf4.o(i._printf_core) for _printf_core
    printf4.o(i.__0fprintf$4) refers to usart.o(i.fputc) for fputc
    printf4.o(i.__0printf$4) refers to printf4.o(i._printf_core) for _printf_core
    printf4.o(i.__0printf$4) refers to usart.o(i.fputc) for fputc
    printf4.o(i.__0printf$4) refers to usart.o(.data) for __stdout
    printf4.o(i.__0snprintf$4) refers to printf4.o(i._printf_core) for _printf_core
    printf4.o(i.__0snprintf$4) refers to printf4.o(i._snputc) for _snputc
    printf4.o(i.__0sprintf$4) refers to printf4.o(i._printf_core) for _printf_core
    printf4.o(i.__0sprintf$4) refers to printf4.o(i._sputc) for _sputc
    printf4.o(i.__0vfprintf$4) refers to printf4.o(i._printf_core) for _printf_core
    printf4.o(i.__0vfprintf$4) refers to usart.o(i.fputc) for fputc
    printf4.o(i.__0vprintf$4) refers to printf4.o(i._printf_core) for _printf_core
    printf4.o(i.__0vprintf$4) refers to usart.o(i.fputc) for fputc
    printf4.o(i.__0vprintf$4) refers to usart.o(.data) for __stdout
    printf4.o(i.__0vsnprintf$4) refers to printf4.o(i._printf_core) for _printf_core
    printf4.o(i.__0vsnprintf$4) refers to printf4.o(i._snputc) for _snputc
    printf4.o(i.__0vsprintf$4) refers to printf4.o(i._printf_core) for _printf_core
    printf4.o(i.__0vsprintf$4) refers to printf4.o(i._sputc) for _sputc
    printf4.o(i._printf_core) refers to uldiv.o(.text) for __aeabi_uldivmod
    printf5.o(i.__0fprintf$5) refers to printf5.o(i._printf_core) for _printf_core
    printf5.o(i.__0fprintf$5) refers to usart.o(i.fputc) for fputc
    printf5.o(i.__0printf$5) refers to printf5.o(i._printf_core) for _printf_core
    printf5.o(i.__0printf$5) refers to usart.o(i.fputc) for fputc
    printf5.o(i.__0printf$5) refers to usart.o(.data) for __stdout
    printf5.o(i.__0snprintf$5) refers to printf5.o(i._printf_core) for _printf_core
    printf5.o(i.__0snprintf$5) refers to printf5.o(i._snputc) for _snputc
    printf5.o(i.__0sprintf$5) refers to printf5.o(i._printf_core) for _printf_core
    printf5.o(i.__0sprintf$5) refers to printf5.o(i._sputc) for _sputc
    printf5.o(i.__0vfprintf$5) refers to printf5.o(i._printf_core) for _printf_core
    printf5.o(i.__0vfprintf$5) refers to usart.o(i.fputc) for fputc
    printf5.o(i.__0vprintf$5) refers to printf5.o(i._printf_core) for _printf_core
    printf5.o(i.__0vprintf$5) refers to usart.o(i.fputc) for fputc
    printf5.o(i.__0vprintf$5) refers to usart.o(.data) for __stdout
    printf5.o(i.__0vsnprintf$5) refers to printf5.o(i._printf_core) for _printf_core
    printf5.o(i.__0vsnprintf$5) refers to printf5.o(i._snputc) for _snputc
    printf5.o(i.__0vsprintf$5) refers to printf5.o(i._printf_core) for _printf_core
    printf5.o(i.__0vsprintf$5) refers to printf5.o(i._sputc) for _sputc
    printf5.o(i._printf_core) refers to uldiv.o(.text) for __aeabi_uldivmod
    printf6.o(i.__0fprintf$6) refers to printf6.o(i._printf_core) for _printf_core
    printf6.o(i.__0fprintf$6) refers to usart.o(i.fputc) for fputc
    printf6.o(i.__0printf$6) refers to printf6.o(i._printf_core) for _printf_core
    printf6.o(i.__0printf$6) refers to usart.o(i.fputc) for fputc
    printf6.o(i.__0printf$6) refers to usart.o(.data) for __stdout
    printf6.o(i.__0snprintf$6) refers to printf6.o(i._printf_core) for _printf_core
    printf6.o(i.__0snprintf$6) refers to printf6.o(i._snputc) for _snputc
    printf6.o(i.__0sprintf$6) refers to printf6.o(i._printf_core) for _printf_core
    printf6.o(i.__0sprintf$6) refers to printf6.o(i._sputc) for _sputc
    printf6.o(i.__0vfprintf$6) refers to printf6.o(i._printf_core) for _printf_core
    printf6.o(i.__0vfprintf$6) refers to usart.o(i.fputc) for fputc
    printf6.o(i.__0vprintf$6) refers to printf6.o(i._printf_core) for _printf_core
    printf6.o(i.__0vprintf$6) refers to usart.o(i.fputc) for fputc
    printf6.o(i.__0vprintf$6) refers to usart.o(.data) for __stdout
    printf6.o(i.__0vsnprintf$6) refers to printf6.o(i._printf_core) for _printf_core
    printf6.o(i.__0vsnprintf$6) refers to printf6.o(i._snputc) for _snputc
    printf6.o(i.__0vsprintf$6) refers to printf6.o(i._printf_core) for _printf_core
    printf6.o(i.__0vsprintf$6) refers to printf6.o(i._sputc) for _sputc
    printf6.o(i._printf_core) refers to printf6.o(i._printf_pre_padding) for _printf_pre_padding
    printf6.o(i._printf_core) refers to uidiv.o(.text) for __aeabi_uidivmod
    printf6.o(i._printf_core) refers to printf6.o(i._printf_post_padding) for _printf_post_padding
    printf7.o(i.__0fprintf$7) refers to printf7.o(i._printf_core) for _printf_core
    printf7.o(i.__0fprintf$7) refers to usart.o(i.fputc) for fputc
    printf7.o(i.__0printf$7) refers to printf7.o(i._printf_core) for _printf_core
    printf7.o(i.__0printf$7) refers to usart.o(i.fputc) for fputc
    printf7.o(i.__0printf$7) refers to usart.o(.data) for __stdout
    printf7.o(i.__0snprintf$7) refers to printf7.o(i._printf_core) for _printf_core
    printf7.o(i.__0snprintf$7) refers to printf7.o(i._snputc) for _snputc
    printf7.o(i.__0sprintf$7) refers to printf7.o(i._printf_core) for _printf_core
    printf7.o(i.__0sprintf$7) refers to printf7.o(i._sputc) for _sputc
    printf7.o(i.__0vfprintf$7) refers to printf7.o(i._printf_core) for _printf_core
    printf7.o(i.__0vfprintf$7) refers to usart.o(i.fputc) for fputc
    printf7.o(i.__0vprintf$7) refers to printf7.o(i._printf_core) for _printf_core
    printf7.o(i.__0vprintf$7) refers to usart.o(i.fputc) for fputc
    printf7.o(i.__0vprintf$7) refers to usart.o(.data) for __stdout
    printf7.o(i.__0vsnprintf$7) refers to printf7.o(i._printf_core) for _printf_core
    printf7.o(i.__0vsnprintf$7) refers to printf7.o(i._snputc) for _snputc
    printf7.o(i.__0vsprintf$7) refers to printf7.o(i._printf_core) for _printf_core
    printf7.o(i.__0vsprintf$7) refers to printf7.o(i._sputc) for _sputc
    printf7.o(i._printf_core) refers to printf7.o(i._printf_pre_padding) for _printf_pre_padding
    printf7.o(i._printf_core) refers to uldiv.o(.text) for __aeabi_uldivmod
    printf7.o(i._printf_core) refers to printf7.o(i._printf_post_padding) for _printf_post_padding
    printf8.o(i.__0fprintf$8) refers to printf8.o(i._printf_core) for _printf_core
    printf8.o(i.__0fprintf$8) refers to usart.o(i.fputc) for fputc
    printf8.o(i.__0printf$8) refers to printf8.o(i._printf_core) for _printf_core
    printf8.o(i.__0printf$8) refers to usart.o(i.fputc) for fputc
    printf8.o(i.__0printf$8) refers to usart.o(.data) for __stdout
    printf8.o(i.__0snprintf$8) refers to printf8.o(i._printf_core) for _printf_core
    printf8.o(i.__0snprintf$8) refers to printf8.o(i._snputc) for _snputc
    printf8.o(i.__0sprintf$8) refers to printf8.o(i._printf_core) for _printf_core
    printf8.o(i.__0sprintf$8) refers to printf8.o(i._sputc) for _sputc
    printf8.o(i.__0vfprintf$8) refers to printf8.o(i._printf_core) for _printf_core
    printf8.o(i.__0vfprintf$8) refers to usart.o(i.fputc) for fputc
    printf8.o(i.__0vprintf$8) refers to printf8.o(i._printf_core) for _printf_core
    printf8.o(i.__0vprintf$8) refers to usart.o(i.fputc) for fputc
    printf8.o(i.__0vprintf$8) refers to usart.o(.data) for __stdout
    printf8.o(i.__0vsnprintf$8) refers to printf8.o(i._printf_core) for _printf_core
    printf8.o(i.__0vsnprintf$8) refers to printf8.o(i._snputc) for _snputc
    printf8.o(i.__0vsprintf$8) refers to printf8.o(i._printf_core) for _printf_core
    printf8.o(i.__0vsprintf$8) refers to printf8.o(i._sputc) for _sputc
    printf8.o(i._printf_core) refers to printf8.o(i._printf_pre_padding) for _printf_pre_padding
    printf8.o(i._printf_core) refers to uldiv.o(.text) for __aeabi_uldivmod
    printf8.o(i._printf_core) refers to printf8.o(i._printf_post_padding) for _printf_post_padding
    printfa.o(i.__0fprintf) refers (Special) to iusefp.o(.text) for __I$use$fp
    printfa.o(i.__0fprintf) refers to printfa.o(i._printf_core) for _printf_core
    printfa.o(i.__0fprintf) refers to usart.o(i.fputc) for fputc
    printfa.o(i.__0printf) refers (Special) to iusefp.o(.text) for __I$use$fp
    printfa.o(i.__0printf) refers to printfa.o(i._printf_core) for _printf_core
    printfa.o(i.__0printf) refers to usart.o(i.fputc) for fputc
    printfa.o(i.__0printf) refers to usart.o(.data) for __stdout
    printfa.o(i.__0snprintf) refers (Special) to iusefp.o(.text) for __I$use$fp
    printfa.o(i.__0snprintf) refers to printfa.o(i._printf_core) for _printf_core
    printfa.o(i.__0snprintf) refers to printfa.o(i._snputc) for _snputc
    printfa.o(i.__0sprintf) refers (Special) to iusefp.o(.text) for __I$use$fp
    printfa.o(i.__0sprintf) refers to printfa.o(i._printf_core) for _printf_core
    printfa.o(i.__0sprintf) refers to printfa.o(i._sputc) for _sputc
    printfa.o(i.__0vfprintf) refers (Special) to iusefp.o(.text) for __I$use$fp
    printfa.o(i.__0vfprintf) refers to printfa.o(i._printf_core) for _printf_core
    printfa.o(i.__0vfprintf) refers to usart.o(i.fputc) for fputc
    printfa.o(i.__0vprintf) refers (Special) to iusefp.o(.text) for __I$use$fp
    printfa.o(i.__0vprintf) refers to printfa.o(i._printf_core) for _printf_core
    printfa.o(i.__0vprintf) refers to usart.o(i.fputc) for fputc
    printfa.o(i.__0vprintf) refers to usart.o(.data) for __stdout
    printfa.o(i.__0vsnprintf) refers (Special) to iusefp.o(.text) for __I$use$fp
    printfa.o(i.__0vsnprintf) refers to printfa.o(i._printf_core) for _printf_core
    printfa.o(i.__0vsnprintf) refers to printfa.o(i._snputc) for _snputc
    printfa.o(i.__0vsprintf) refers (Special) to iusefp.o(.text) for __I$use$fp
    printfa.o(i.__0vsprintf) refers to printfa.o(i._printf_core) for _printf_core
    printfa.o(i.__0vsprintf) refers to printfa.o(i._sputc) for _sputc
    printfa.o(i._fp_digits) refers (Special) to iusefp.o(.text) for __I$use$fp
    printfa.o(i._fp_digits) refers to dmul.o(.text) for __aeabi_dmul
    printfa.o(i._fp_digits) refers to ddiv.o(.text) for __aeabi_ddiv
    printfa.o(i._fp_digits) refers to cdrcmple.o(.text) for __aeabi_cdrcmple
    printfa.o(i._fp_digits) refers to dadd.o(.text) for __aeabi_dadd
    printfa.o(i._fp_digits) refers to dfixul.o(.text) for __aeabi_d2ulz
    printfa.o(i._fp_digits) refers to uldiv.o(.text) for __aeabi_uldivmod
    printfa.o(i._printf_core) refers (Special) to iusefp.o(.text) for __I$use$fp
    printfa.o(i._printf_core) refers to printfa.o(i._printf_pre_padding) for _printf_pre_padding
    printfa.o(i._printf_core) refers to uldiv.o(.text) for __aeabi_uldivmod
    printfa.o(i._printf_core) refers to printfa.o(i._printf_post_padding) for _printf_post_padding
    printfa.o(i._printf_core) refers to printfa.o(i._fp_digits) for _fp_digits
    printfa.o(i._printf_core) refers to uidiv.o(.text) for __aeabi_uidivmod
    printfa.o(i._printf_post_padding) refers (Special) to iusefp.o(.text) for __I$use$fp
    printfa.o(i._printf_pre_padding) refers (Special) to iusefp.o(.text) for __I$use$fp
    printfa.o(i._snputc) refers (Special) to iusefp.o(.text) for __I$use$fp
    printfa.o(i._sputc) refers (Special) to iusefp.o(.text) for __I$use$fp
    ddiv.o(.text) refers (Special) to iusefp.o(.text) for __I$use$fp
    ddiv.o(.text) refers to depilogue.o(.text) for _double_round
    dflti.o(.text) refers (Special) to iusefp.o(.text) for __I$use$fp
    dflti.o(.text) refers to depilogue.o(.text) for _double_epilogue
    dfixi.o(.text) refers (Special) to iusefp.o(.text) for __I$use$fp
    dfixi.o(.text) refers to llushr.o(.text) for __aeabi_llsr
    entry2.o(.ARM.Collect$$$$00000001) refers to entry2.o(.ARM.Collect$$$$00002712) for __lit__00000000
    entry2.o(.ARM.Collect$$$$00002712) refers to startup_stm32f40_41xxx.o(STACK) for __initial_sp
    entry2.o(__vectab_stack_and_reset_area) refers to startup_stm32f40_41xxx.o(STACK) for __initial_sp
    entry2.o(__vectab_stack_and_reset_area) refers to entry.o(.ARM.Collect$$$$00000000) for __main
    entry5.o(.ARM.Collect$$$$00000004) refers to init.o(.text) for __scatterload
    entry9a.o(.ARM.Collect$$$$0000000B) refers to main.o(i.main) for main
    entry9b.o(.ARM.Collect$$$$0000000C) refers to main.o(i.main) for main
    uldiv.o(.text) refers to llushr.o(.text) for __aeabi_llsr
    uldiv.o(.text) refers to llshl.o(.text) for __aeabi_llsl
    depilogue.o(.text) refers to llshl.o(.text) for __aeabi_llsl
    depilogue.o(.text) refers to llushr.o(.text) for __aeabi_llsr
    dadd.o(.text) refers to llshl.o(.text) for __aeabi_llsl
    dadd.o(.text) refers to llsshr.o(.text) for __aeabi_lasr
    dadd.o(.text) refers to depilogue.o(.text) for _double_epilogue
    dmul.o(.text) refers to depilogue.o(.text) for _double_epilogue
    dfixul.o(.text) refers to llushr.o(.text) for __aeabi_llsr
    dfixul.o(.text) refers to llshl.o(.text) for __aeabi_llsl
    init.o(.text) refers to entry5.o(.ARM.Collect$$$$00000004) for __main_after_scatterload


==============================================================================

Removing Unused input sections from the image.

    Removing main.o(.rev16_text), (4 bytes).
    Removing main.o(.revsh_text), (4 bytes).
    Removing stm32f4xx_it.o(.rev16_text), (4 bytes).
    Removing stm32f4xx_it.o(.revsh_text), (4 bytes).
    Removing system_stm32f4xx.o(.rev16_text), (4 bytes).
    Removing system_stm32f4xx.o(.revsh_text), (4 bytes).
    Removing system_stm32f4xx.o(i.SystemCoreClockUpdate), (192 bytes).
    Removing system_stm32f4xx.o(.data), (20 bytes).
    Removing led.o(.rev16_text), (4 bytes).
    Removing led.o(.revsh_text), (4 bytes).
    Removing delay.o(.rev16_text), (4 bytes).
    Removing delay.o(.revsh_text), (4 bytes).
    Removing delay.o(i.delay_us), (76 bytes).
    Removing sys.o(.rev16_text), (4 bytes).
    Removing sys.o(.revsh_text), (4 bytes).
    Removing sys.o(.emb_text), (16 bytes).
    Removing usart.o(.rev16_text), (4 bytes).
    Removing usart.o(.revsh_text), (4 bytes).
    Removing usart.o(i._sys_exit), (6 bytes).
    Removing startup_stm32f40_41xxx.o(HEAP), (512 bytes).
    Removing misc.o(.rev16_text), (4 bytes).
    Removing misc.o(.revsh_text), (4 bytes).
    Removing misc.o(i.NVIC_PriorityGroupConfig), (20 bytes).
    Removing misc.o(i.NVIC_SetVectorTable), (20 bytes).
    Removing misc.o(i.NVIC_SystemLPConfig), (32 bytes).
    Removing stm32f4xx_gpio.o(.rev16_text), (4 bytes).
    Removing stm32f4xx_gpio.o(.revsh_text), (4 bytes).
    Removing stm32f4xx_gpio.o(i.GPIO_DeInit), (312 bytes).
    Removing stm32f4xx_gpio.o(i.GPIO_PinLockConfig), (34 bytes).
    Removing stm32f4xx_gpio.o(i.GPIO_ReadInputData), (8 bytes).
    Removing stm32f4xx_gpio.o(i.GPIO_ReadInputDataBit), (18 bytes).
    Removing stm32f4xx_gpio.o(i.GPIO_ReadOutputData), (8 bytes).
    Removing stm32f4xx_gpio.o(i.GPIO_ReadOutputDataBit), (18 bytes).
    Removing stm32f4xx_gpio.o(i.GPIO_ResetBits), (4 bytes).
    Removing stm32f4xx_gpio.o(i.GPIO_StructInit), (18 bytes).
    Removing stm32f4xx_gpio.o(i.GPIO_ToggleBits), (8 bytes).
    Removing stm32f4xx_gpio.o(i.GPIO_Write), (4 bytes).
    Removing stm32f4xx_gpio.o(i.GPIO_WriteBit), (10 bytes).
    Removing stm32f4xx_rcc.o(.rev16_text), (4 bytes).
    Removing stm32f4xx_rcc.o(.revsh_text), (4 bytes).
    Removing stm32f4xx_rcc.o(i.RCC_AHB1PeriphClockLPModeCmd), (32 bytes).
    Removing stm32f4xx_rcc.o(i.RCC_AHB1PeriphResetCmd), (32 bytes).
    Removing stm32f4xx_rcc.o(i.RCC_AHB2PeriphClockCmd), (32 bytes).
    Removing stm32f4xx_rcc.o(i.RCC_AHB2PeriphClockLPModeCmd), (32 bytes).
    Removing stm32f4xx_rcc.o(i.RCC_AHB2PeriphResetCmd), (32 bytes).
    Removing stm32f4xx_rcc.o(i.RCC_AHB3PeriphClockCmd), (32 bytes).
    Removing stm32f4xx_rcc.o(i.RCC_AHB3PeriphClockLPModeCmd), (32 bytes).
    Removing stm32f4xx_rcc.o(i.RCC_AHB3PeriphResetCmd), (32 bytes).
    Removing stm32f4xx_rcc.o(i.RCC_APB1PeriphClockLPModeCmd), (32 bytes).
    Removing stm32f4xx_rcc.o(i.RCC_APB1PeriphResetCmd), (32 bytes).
    Removing stm32f4xx_rcc.o(i.RCC_APB2PeriphClockLPModeCmd), (32 bytes).
    Removing stm32f4xx_rcc.o(i.RCC_APB2PeriphResetCmd), (32 bytes).
    Removing stm32f4xx_rcc.o(i.RCC_AdjustHSICalibrationValue), (24 bytes).
    Removing stm32f4xx_rcc.o(i.RCC_BackupResetCmd), (12 bytes).
    Removing stm32f4xx_rcc.o(i.RCC_ClearFlag), (20 bytes).
    Removing stm32f4xx_rcc.o(i.RCC_ClearITPendingBit), (12 bytes).
    Removing stm32f4xx_rcc.o(i.RCC_ClockSecuritySystemCmd), (12 bytes).
    Removing stm32f4xx_rcc.o(i.RCC_DeInit), (100 bytes).
    Removing stm32f4xx_rcc.o(i.RCC_GetFlagStatus), (64 bytes).
    Removing stm32f4xx_rcc.o(i.RCC_GetITStatus), (24 bytes).
    Removing stm32f4xx_rcc.o(i.RCC_GetSYSCLKSource), (16 bytes).
    Removing stm32f4xx_rcc.o(i.RCC_HCLKConfig), (24 bytes).
    Removing stm32f4xx_rcc.o(i.RCC_HSEConfig), (16 bytes).
    Removing stm32f4xx_rcc.o(i.RCC_HSICmd), (12 bytes).
    Removing stm32f4xx_rcc.o(i.RCC_I2SCLKConfig), (12 bytes).
    Removing stm32f4xx_rcc.o(i.RCC_ITConfig), (32 bytes).
    Removing stm32f4xx_rcc.o(i.RCC_LSEConfig), (44 bytes).
    Removing stm32f4xx_rcc.o(i.RCC_LSEModeConfig), (36 bytes).
    Removing stm32f4xx_rcc.o(i.RCC_LSICmd), (12 bytes).
    Removing stm32f4xx_rcc.o(i.RCC_LTDCCLKDivConfig), (24 bytes).
    Removing stm32f4xx_rcc.o(i.RCC_MCO1Config), (28 bytes).
    Removing stm32f4xx_rcc.o(i.RCC_MCO2Config), (28 bytes).
    Removing stm32f4xx_rcc.o(i.RCC_PCLK1Config), (24 bytes).
    Removing stm32f4xx_rcc.o(i.RCC_PCLK2Config), (24 bytes).
    Removing stm32f4xx_rcc.o(i.RCC_PLLCmd), (12 bytes).
    Removing stm32f4xx_rcc.o(i.RCC_PLLConfig), (36 bytes).
    Removing stm32f4xx_rcc.o(i.RCC_PLLI2SCmd), (12 bytes).
    Removing stm32f4xx_rcc.o(i.RCC_PLLI2SConfig), (16 bytes).
    Removing stm32f4xx_rcc.o(i.RCC_PLLSAICmd), (12 bytes).
    Removing stm32f4xx_rcc.o(i.RCC_PLLSAIConfig), (24 bytes).
    Removing stm32f4xx_rcc.o(i.RCC_RTCCLKCmd), (12 bytes).
    Removing stm32f4xx_rcc.o(i.RCC_RTCCLKConfig), (60 bytes).
    Removing stm32f4xx_rcc.o(i.RCC_SAIBlockACLKConfig), (24 bytes).
    Removing stm32f4xx_rcc.o(i.RCC_SAIBlockBCLKConfig), (24 bytes).
    Removing stm32f4xx_rcc.o(i.RCC_SAIPLLI2SClkDivConfig), (28 bytes).
    Removing stm32f4xx_rcc.o(i.RCC_SAIPLLSAIClkDivConfig), (28 bytes).
    Removing stm32f4xx_rcc.o(i.RCC_SYSCLKConfig), (24 bytes).
    Removing stm32f4xx_rcc.o(i.RCC_TIMCLKPresConfig), (12 bytes).
    Removing stm32f4xx_rcc.o(i.RCC_WaitForHSEStartUp), (56 bytes).
    Removing stm32f4xx_syscfg.o(.rev16_text), (4 bytes).
    Removing stm32f4xx_syscfg.o(.revsh_text), (4 bytes).
    Removing stm32f4xx_syscfg.o(i.SYSCFG_CompensationCellCmd), (12 bytes).
    Removing stm32f4xx_syscfg.o(i.SYSCFG_DeInit), (22 bytes).
    Removing stm32f4xx_syscfg.o(i.SYSCFG_ETH_MediaInterfaceConfig), (12 bytes).
    Removing stm32f4xx_syscfg.o(i.SYSCFG_EXTILineConfig), (64 bytes).
    Removing stm32f4xx_syscfg.o(i.SYSCFG_GetCompensationCellStatus), (24 bytes).
    Removing stm32f4xx_syscfg.o(i.SYSCFG_MemoryRemapConfig), (12 bytes).
    Removing stm32f4xx_syscfg.o(i.SYSCFG_MemorySwappingBank), (12 bytes).
    Removing stm32f4xx_usart.o(.rev16_text), (4 bytes).
    Removing stm32f4xx_usart.o(.revsh_text), (4 bytes).
    Removing stm32f4xx_usart.o(i.USART_ClearITPendingBit), (30 bytes).
    Removing stm32f4xx_usart.o(i.USART_ClockInit), (32 bytes).
    Removing stm32f4xx_usart.o(i.USART_ClockStructInit), (12 bytes).
    Removing stm32f4xx_usart.o(i.USART_DMACmd), (18 bytes).
    Removing stm32f4xx_usart.o(i.USART_DeInit), (240 bytes).
    Removing stm32f4xx_usart.o(i.USART_HalfDuplexCmd), (24 bytes).
    Removing stm32f4xx_usart.o(i.USART_IrDACmd), (24 bytes).
    Removing stm32f4xx_usart.o(i.USART_IrDAConfig), (18 bytes).
    Removing stm32f4xx_usart.o(i.USART_LINBreakDetectLengthConfig), (18 bytes).
    Removing stm32f4xx_usart.o(i.USART_LINCmd), (24 bytes).
    Removing stm32f4xx_usart.o(i.USART_OneBitMethodCmd), (24 bytes).
    Removing stm32f4xx_usart.o(i.USART_OverSampling8Cmd), (22 bytes).
    Removing stm32f4xx_usart.o(i.USART_ReceiverWakeUpCmd), (24 bytes).
    Removing stm32f4xx_usart.o(i.USART_SendBreak), (10 bytes).
    Removing stm32f4xx_usart.o(i.USART_SetAddress), (18 bytes).
    Removing stm32f4xx_usart.o(i.USART_SetGuardTime), (16 bytes).
    Removing stm32f4xx_usart.o(i.USART_SetPrescaler), (16 bytes).
    Removing stm32f4xx_usart.o(i.USART_SmartCardCmd), (24 bytes).
    Removing stm32f4xx_usart.o(i.USART_SmartCardNACKCmd), (24 bytes).
    Removing stm32f4xx_usart.o(i.USART_StructInit), (24 bytes).
    Removing stm32f4xx_usart.o(i.USART_WakeUpConfig), (18 bytes).
    Removing mqttconnect.o(i.MQTTSerialize_disconnect), (18 bytes).
    Removing mqttconnect.o(i.MQTTSerialize_pingreq), (18 bytes).
    Removing mqttconnect.o(i.MQTTSerialize_zero), (74 bytes).
    Removing mqttsubscribe.o(i.MQTTDeserialize_suback), (146 bytes).
    Removing mqttconfig.o(.rev16_text), (4 bytes).
    Removing mqttconfig.o(.revsh_text), (4 bytes).
    Removing mqttconfig.o(i.KeepLive), (32 bytes).
    Removing wifi.o(.rev16_text), (4 bytes).
    Removing wifi.o(.revsh_text), (4 bytes).
    Removing rs485.o(.rev16_text), (4 bytes).
    Removing rs485.o(.revsh_text), (4 bytes).
    Removing dadd.o(.text), (334 bytes).
    Removing dmul.o(.text), (228 bytes).
    Removing dfixul.o(.text), (48 bytes).
    Removing cdrcmple.o(.text), (48 bytes).

136 unused section(s) (total 4584 bytes) removed from the image.

==============================================================================

Image Symbol Table

    Local Symbols

    Symbol Name                              Value     Ov Type        Size  Object(Section)

    ../clib/microlib/division.c              0x00000000   Number         0  uidiv.o ABSOLUTE
    ../clib/microlib/division.c              0x00000000   Number         0  uldiv.o ABSOLUTE
    ../clib/microlib/init/entry.s            0x00000000   Number         0  entry11a.o ABSOLUTE
    ../clib/microlib/init/entry.s            0x00000000   Number         0  entry5.o ABSOLUTE
    ../clib/microlib/init/entry.s            0x00000000   Number         0  entry7b.o ABSOLUTE
    ../clib/microlib/init/entry.s            0x00000000   Number         0  entry7a.o ABSOLUTE
    ../clib/microlib/init/entry.s            0x00000000   Number         0  entry11b.o ABSOLUTE
    ../clib/microlib/init/entry.s            0x00000000   Number         0  entry8b.o ABSOLUTE
    ../clib/microlib/init/entry.s            0x00000000   Number         0  entry10a.o ABSOLUTE
    ../clib/microlib/init/entry.s            0x00000000   Number         0  entry8a.o ABSOLUTE
    ../clib/microlib/init/entry.s            0x00000000   Number         0  entry.o ABSOLUTE
    ../clib/microlib/init/entry.s            0x00000000   Number         0  entry10b.o ABSOLUTE
    ../clib/microlib/init/entry.s            0x00000000   Number         0  entry2.o ABSOLUTE
    ../clib/microlib/init/entry.s            0x00000000   Number         0  entry9b.o ABSOLUTE
    ../clib/microlib/init/entry.s            0x00000000   Number         0  entry9a.o ABSOLUTE
    ../clib/microlib/longlong.c              0x00000000   Number         0  llshl.o ABSOLUTE
    ../clib/microlib/longlong.c              0x00000000   Number         0  llsshr.o ABSOLUTE
    ../clib/microlib/longlong.c              0x00000000   Number         0  llushr.o ABSOLUTE
    ../clib/microlib/printf/printf.c         0x00000000   Number         0  printf5.o ABSOLUTE
    ../clib/microlib/printf/printf.c         0x00000000   Number         0  printf4.o ABSOLUTE
    ../clib/microlib/printf/printf.c         0x00000000   Number         0  printfb.o ABSOLUTE
    ../clib/microlib/printf/printf.c         0x00000000   Number         0  printf0.o ABSOLUTE
    ../clib/microlib/printf/printf.c         0x00000000   Number         0  printf2.o ABSOLUTE
    ../clib/microlib/printf/printf.c         0x00000000   Number         0  printf6.o ABSOLUTE
    ../clib/microlib/printf/printf.c         0x00000000   Number         0  printf3.o ABSOLUTE
    ../clib/microlib/printf/printf.c         0x00000000   Number         0  printfa.o ABSOLUTE
    ../clib/microlib/printf/printf.c         0x00000000   Number         0  printf8.o ABSOLUTE
    ../clib/microlib/printf/printf.c         0x00000000   Number         0  printf7.o ABSOLUTE
    ../clib/microlib/printf/printf.c         0x00000000   Number         0  printf1.o ABSOLUTE
    ../clib/microlib/printf/stubs.s          0x00000000   Number         0  stubs.o ABSOLUTE
    ../clib/microlib/string/memcpy.c         0x00000000   Number         0  memcpyb.o ABSOLUTE
    ../clib/microlib/string/memcpy.c         0x00000000   Number         0  memcpya.o ABSOLUTE
    ../clib/microlib/string/memset.c         0x00000000   Number         0  memseta.o ABSOLUTE
    ../clib/microlib/string/strcat.c         0x00000000   Number         0  strcat.o ABSOLUTE
    ../clib/microlib/string/strcmp.c         0x00000000   Number         0  strcmp.o ABSOLUTE
    ../clib/microlib/string/strlen.c         0x00000000   Number         0  strlen.o ABSOLUTE
    ../clib/microlib/string/strstr.c         0x00000000   Number         0  strstr.o ABSOLUTE
    ../clib/microlib/string/strtok.c         0x00000000   Number         0  strtok.o ABSOLUTE
    ../clib/microlib/string/strtok.c         0x00000000   Number         0  strtok_r.o ABSOLUTE
    ../clib/microlib/stubs.s                 0x00000000   Number         0  iusefp.o ABSOLUTE
    ../clib/microlib/stubs.s                 0x00000000   Number         0  useno.o ABSOLUTE
    ../fplib/microlib/fpadd.c                0x00000000   Number         0  dadd.o ABSOLUTE
    ../fplib/microlib/fpdiv.c                0x00000000   Number         0  ddiv.o ABSOLUTE
    ../fplib/microlib/fpepilogue.c           0x00000000   Number         0  depilogue.o ABSOLUTE
    ../fplib/microlib/fpfix.c                0x00000000   Number         0  dfixi.o ABSOLUTE
    ../fplib/microlib/fpfix.c                0x00000000   Number         0  dfixul.o ABSOLUTE
    ../fplib/microlib/fpflt.c                0x00000000   Number         0  dflti.o ABSOLUTE
    ../fplib/microlib/fpmul.c                0x00000000   Number         0  dmul.o ABSOLUTE
    ..\CORE\startup_stm32f40_41xxx.s         0x00000000   Number         0  startup_stm32f40_41xxx.o ABSOLUTE
    ..\FWLIB\src\misc.c                      0x00000000   Number         0  misc.o ABSOLUTE
    ..\FWLIB\src\stm32f4xx_gpio.c            0x00000000   Number         0  stm32f4xx_gpio.o ABSOLUTE
    ..\FWLIB\src\stm32f4xx_rcc.c             0x00000000   Number         0  stm32f4xx_rcc.o ABSOLUTE
    ..\FWLIB\src\stm32f4xx_syscfg.c          0x00000000   Number         0  stm32f4xx_syscfg.o ABSOLUTE
    ..\FWLIB\src\stm32f4xx_usart.c           0x00000000   Number         0  stm32f4xx_usart.o ABSOLUTE
    ..\HARDWARE\LED\led.c                    0x00000000   Number         0  led.o ABSOLUTE
    ..\MQTT\MQTTConfig.c                     0x00000000   Number         0  mqttconfig.o ABSOLUTE
    ..\MQTT\MQTTConnect.c                    0x00000000   Number         0  mqttconnect.o ABSOLUTE
    ..\MQTT\MQTTPacket.c                     0x00000000   Number         0  mqttpacket.o ABSOLUTE
    ..\MQTT\MQTTPublish.c                    0x00000000   Number         0  mqttpublish.o ABSOLUTE
    ..\MQTT\MQTTSubscribe.c                  0x00000000   Number         0  mqttsubscribe.o ABSOLUTE
    ..\Modbus\rs485.c                        0x00000000   Number         0  rs485.o ABSOLUTE
    ..\SYSTEM\delay\delay.c                  0x00000000   Number         0  delay.o ABSOLUTE
    ..\SYSTEM\sys\sys.c                      0x00000000   Number         0  sys.o ABSOLUTE
    ..\SYSTEM\usart\usart.c                  0x00000000   Number         0  usart.o ABSOLUTE
    ..\WIFI\wifi.c                           0x00000000   Number         0  wifi.o ABSOLUTE
    ..\\FWLIB\\src\\misc.c                   0x00000000   Number         0  misc.o ABSOLUTE
    ..\\FWLIB\\src\\stm32f4xx_gpio.c         0x00000000   Number         0  stm32f4xx_gpio.o ABSOLUTE
    ..\\FWLIB\\src\\stm32f4xx_rcc.c          0x00000000   Number         0  stm32f4xx_rcc.o ABSOLUTE
    ..\\FWLIB\\src\\stm32f4xx_syscfg.c       0x00000000   Number         0  stm32f4xx_syscfg.o ABSOLUTE
    ..\\FWLIB\\src\\stm32f4xx_usart.c        0x00000000   Number         0  stm32f4xx_usart.o ABSOLUTE
    ..\\HARDWARE\\LED\\led.c                 0x00000000   Number         0  led.o ABSOLUTE
    ..\\MQTT\\MQTTConfig.c                   0x00000000   Number         0  mqttconfig.o ABSOLUTE
    ..\\Modbus\\rs485.c                      0x00000000   Number         0  rs485.o ABSOLUTE
    ..\\SYSTEM\\delay\\delay.c               0x00000000   Number         0  delay.o ABSOLUTE
    ..\\SYSTEM\\sys\\sys.c                   0x00000000   Number         0  sys.o ABSOLUTE
    ..\\SYSTEM\\usart\\usart.c               0x00000000   Number         0  usart.o ABSOLUTE
    ..\\WIFI\\wifi.c                         0x00000000   Number         0  wifi.o ABSOLUTE
    cdrcmple.s                               0x00000000   Number         0  cdrcmple.o ABSOLUTE
    dc.s                                     0x00000000   Number         0  dc.o ABSOLUTE
    handlers.s                               0x00000000   Number         0  handlers.o ABSOLUTE
    init.s                                   0x00000000   Number         0  init.o ABSOLUTE
    main.c                                   0x00000000   Number         0  main.o ABSOLUTE
    main.c                                   0x00000000   Number         0  main.o ABSOLUTE
    stm32f4xx_it.c                           0x00000000   Number         0  stm32f4xx_it.o ABSOLUTE
    stm32f4xx_it.c                           0x00000000   Number         0  stm32f4xx_it.o ABSOLUTE
    system_stm32f4xx.c                       0x00000000   Number         0  system_stm32f4xx.o ABSOLUTE
    system_stm32f4xx.c                       0x00000000   Number         0  system_stm32f4xx.o ABSOLUTE
    RESET                                    0x08000000   Section      392  startup_stm32f40_41xxx.o(RESET)
    .ARM.Collect$$$$00000000                 0x08000188   Section        0  entry.o(.ARM.Collect$$$$00000000)
    .ARM.Collect$$$$00000001                 0x08000188   Section        4  entry2.o(.ARM.Collect$$$$00000001)
    .ARM.Collect$$$$00000004                 0x0800018c   Section        4  entry5.o(.ARM.Collect$$$$00000004)
    .ARM.Collect$$$$00000008                 0x08000190   Section        0  entry7b.o(.ARM.Collect$$$$00000008)
    .ARM.Collect$$$$0000000A                 0x08000190   Section        0  entry8b.o(.ARM.Collect$$$$0000000A)
    .ARM.Collect$$$$0000000B                 0x08000190   Section        8  entry9a.o(.ARM.Collect$$$$0000000B)
    .ARM.Collect$$$$0000000D                 0x08000198   Section        0  entry10a.o(.ARM.Collect$$$$0000000D)
    .ARM.Collect$$$$0000000F                 0x08000198   Section        0  entry11a.o(.ARM.Collect$$$$0000000F)
    .ARM.Collect$$$$00002712                 0x08000198   Section        4  entry2.o(.ARM.Collect$$$$00002712)
    __lit__00000000                          0x08000198   Data           4  entry2.o(.ARM.Collect$$$$00002712)
    .text                                    0x0800019c   Section       36  startup_stm32f40_41xxx.o(.text)
    $v0                                      0x0800019c   Number         0  startup_stm32f40_41xxx.o(.text)
    .text                                    0x080001c0   Section        0  memcpya.o(.text)
    .text                                    0x080001e4   Section        0  memseta.o(.text)
    .text                                    0x08000208   Section        0  strcat.o(.text)
    .text                                    0x08000220   Section        0  strstr.o(.text)
    .text                                    0x08000244   Section        0  strlen.o(.text)
    .text                                    0x08000252   Section        0  strcmp.o(.text)
    .text                                    0x08000270   Section        0  strtok.o(.text)
    .text                                    0x080002b4   Section        0  ddiv.o(.text)
    .text                                    0x08000392   Section        0  dflti.o(.text)
    .text                                    0x080003b4   Section        0  dfixi.o(.text)
    .text                                    0x080003f2   Section        0  uidiv.o(.text)
    .text                                    0x0800041e   Section        0  llushr.o(.text)
    .text                                    0x0800043e   Section        0  depilogue.o(.text)
    .text                                    0x0800043e   Section        0  iusefp.o(.text)
    .text                                    0x080004f8   Section       36  init.o(.text)
    .text                                    0x0800051c   Section        0  llshl.o(.text)
    i.BusFault_Handler                       0x0800053a   Section        0  stm32f4xx_it.o(i.BusFault_Handler)
    i.CheckCRC                               0x0800053e   Section        0  rs485.o(i.CheckCRC)
    i.ConnectToServer                        0x0800058c   Section        0  mqttconfig.o(i.ConnectToServer)
    i.DebugMon_Handler                       0x0800067c   Section        0  stm32f4xx_it.o(i.DebugMon_Handler)
    i.GPIO_Init                              0x0800067e   Section        0  stm32f4xx_gpio.o(i.GPIO_Init)
    i.GPIO_PinAFConfig                       0x0800070e   Section        0  stm32f4xx_gpio.o(i.GPIO_PinAFConfig)
    i.GPIO_SetBits                           0x08000754   Section        0  stm32f4xx_gpio.o(i.GPIO_SetBits)
    i.GetHumAndTemp                          0x08000758   Section        0  rs485.o(i.GetHumAndTemp)
    i.HardFault_Handler                      0x080007f8   Section        0  stm32f4xx_it.o(i.HardFault_Handler)
    i.LED_Init                               0x080007fc   Section        0  led.o(i.LED_Init)
    i.MQTTClientConfig                       0x0800083c   Section        0  wifi.o(i.MQTTClientConfig)
    i.MQTTDeserialize_connack                0x080008fc   Section        0  mqttconnect.o(i.MQTTDeserialize_connack)
    i.MQTTDeserialize_publish                0x08000972   Section        0  mqttpublish.o(i.MQTTDeserialize_publish)
    i.MQTTPacket_decode                      0x08000a1a   Section        0  mqttpacket.o(i.MQTTPacket_decode)
    i.MQTTPacket_decodeBuf                   0x08000a74   Section        0  mqttpacket.o(i.MQTTPacket_decodeBuf)
    i.MQTTPacket_encode                      0x08000a90   Section        0  mqttpacket.o(i.MQTTPacket_encode)
    i.MQTTPacket_len                         0x08000ac8   Section        0  mqttpacket.o(i.MQTTPacket_len)
    i.MQTTSerialize_connect                  0x08000af0   Section        0  mqttconnect.o(i.MQTTSerialize_connect)
    i.MQTTSerialize_connectLength            0x08000c54   Section        0  mqttconnect.o(i.MQTTSerialize_connectLength)
    i.MQTTSerialize_publish                  0x08000cca   Section        0  mqttpublish.o(i.MQTTSerialize_publish)
    i.MQTTSerialize_publishLength            0x08000d76   Section        0  mqttpublish.o(i.MQTTSerialize_publishLength)
    i.MQTTSerialize_subscribe                0x08000d98   Section        0  mqttsubscribe.o(i.MQTTSerialize_subscribe)
    i.MQTTSerialize_subscribeLength          0x08000e48   Section        0  mqttsubscribe.o(i.MQTTSerialize_subscribeLength)
    i.MQTTSerialize_unsubscribe              0x08000e76   Section        0  mqttsubscribe.o(i.MQTTSerialize_unsubscribe)
    i.MQTTSerialize_unsubscribeLength        0x08000f1c   Section        0  mqttsubscribe.o(i.MQTTSerialize_unsubscribeLength)
    i.MQTTstrlen                             0x08000f4a   Section        0  mqttpacket.o(i.MQTTstrlen)
    i.MemManage_Handler                      0x08000f62   Section        0  stm32f4xx_it.o(i.MemManage_Handler)
    i.ModBusConfig                           0x08000f68   Section        0  rs485.o(i.ModBusConfig)
    i.NMI_Handler                            0x08000fcc   Section        0  stm32f4xx_it.o(i.NMI_Handler)
    i.NVIC_Init                              0x08000fd0   Section        0  misc.o(i.NVIC_Init)
    i.PendSV_Handler                         0x08001048   Section        0  stm32f4xx_it.o(i.PendSV_Handler)
    i.PublishMessage                         0x0800104c   Section        0  mqttconfig.o(i.PublishMessage)
    i.PublishMessageAnalysis                 0x0800114c   Section        0  mqttconfig.o(i.PublishMessageAnalysis)
    i.RCC_AHB1PeriphClockCmd                 0x080011cc   Section        0  stm32f4xx_rcc.o(i.RCC_AHB1PeriphClockCmd)
    i.RCC_APB1PeriphClockCmd                 0x080011ec   Section        0  stm32f4xx_rcc.o(i.RCC_APB1PeriphClockCmd)
    i.RCC_APB2PeriphClockCmd                 0x0800120c   Section        0  stm32f4xx_rcc.o(i.RCC_APB2PeriphClockCmd)
    i.RCC_GetClocksFreq                      0x0800122c   Section        0  stm32f4xx_rcc.o(i.RCC_GetClocksFreq)
    i.RS485_Init                             0x08001314   Section        0  rs485.o(i.RS485_Init)
    i.Receive_AT_Data                        0x080014bc   Section        0  wifi.o(i.Receive_AT_Data)
    i.Receive_Connect_Data                   0x080014d4   Section        0  mqttconfig.o(i.Receive_Connect_Data)
    i.SVC_Handler                            0x08001594   Section        0  stm32f4xx_it.o(i.SVC_Handler)
    i.SetSysClock                            0x08001598   Section        0  system_stm32f4xx.o(i.SetSysClock)
    SetSysClock                              0x08001599   Thumb Code   220  system_stm32f4xx.o(i.SetSysClock)
    i.SubscribeTheam                         0x08001684   Section        0  mqttconfig.o(i.SubscribeTheam)
    i.SysTick_CLKSourceConfig                0x08001708   Section        0  misc.o(i.SysTick_CLKSourceConfig)
    i.SysTick_Handler                        0x08001730   Section        0  stm32f4xx_it.o(i.SysTick_Handler)
    i.SystemInit                             0x08001734   Section        0  system_stm32f4xx.o(i.SystemInit)
    i.USART1_IRQHandler                      0x0800179c   Section        0  usart.o(i.USART1_IRQHandler)
    i.USART1_Init                            0x080018f0   Section        0  usart.o(i.USART1_Init)
    i.USART2_IRQHandler                      0x080019b0   Section        0  rs485.o(i.USART2_IRQHandler)
    i.USART3_IRQHandler                      0x08001a1c   Section        0  usart.o(i.USART3_IRQHandler)
    i.USART3_Init                            0x08001b44   Section        0  usart.o(i.USART3_Init)
    i.USART3_Write                           0x08001c04   Section        0  wifi.o(i.USART3_Write)
    i.USART_ClearFlag                        0x08001c3c   Section        0  stm32f4xx_usart.o(i.USART_ClearFlag)
    i.USART_Cmd                              0x08001c4e   Section        0  stm32f4xx_usart.o(i.USART_Cmd)
    i.USART_GetFlagStatus                    0x08001c66   Section        0  stm32f4xx_usart.o(i.USART_GetFlagStatus)
    i.USART_GetITStatus                      0x08001c80   Section        0  stm32f4xx_usart.o(i.USART_GetITStatus)
    i.USART_ITConfig                         0x08001cd4   Section        0  stm32f4xx_usart.o(i.USART_ITConfig)
    i.USART_Init                             0x08001d20   Section        0  stm32f4xx_usart.o(i.USART_Init)
    i.USART_ReceiveData                      0x08001df4   Section        0  stm32f4xx_usart.o(i.USART_ReceiveData)
    i.USART_SendData                         0x08001dfe   Section        0  stm32f4xx_usart.o(i.USART_SendData)
    i.UnsubscribeThem                        0x08001e08   Section        0  mqttconfig.o(i.UnsubscribeThem)
    i.UsageFault_Handler                     0x08001e88   Section        0  stm32f4xx_it.o(i.UsageFault_Handler)
    i.WIFIInit                               0x08001e8c   Section        0  wifi.o(i.WIFIInit)
    i.WIFISendAT                             0x08001f8c   Section        0  wifi.o(i.WIFISendAT)
    i.WriteData                              0x08002024   Section        0  rs485.o(i.WriteData)
    i.__0printf$3                            0x080020b8   Section        0  printf3.o(i.__0printf$3)
    i.__0sprintf$3                           0x080020d8   Section        0  printf3.o(i.__0sprintf$3)
    i.__scatterload_copy                     0x08002100   Section       14  handlers.o(i.__scatterload_copy)
    i.__scatterload_null                     0x0800210e   Section        2  handlers.o(i.__scatterload_null)
    i.__scatterload_zeroinit                 0x08002110   Section       14  handlers.o(i.__scatterload_zeroinit)
    i._printf_core                           0x08002120   Section        0  printf3.o(i._printf_core)
    _printf_core                             0x08002121   Thumb Code   436  printf3.o(i._printf_core)
    i._sputc                                 0x080022d8   Section        0  printf3.o(i._sputc)
    _sputc                                   0x080022d9   Thumb Code    10  printf3.o(i._sputc)
    i.atoi                                   0x080022e2   Section        0  rs485.o(i.atoi)
    i.bufchar                                0x08002330   Section        0  mqttpacket.o(i.bufchar)
    i.delay_init                             0x08002358   Section        0  delay.o(i.delay_init)
    i.delay_ms                               0x08002394   Section        0  delay.o(i.delay_ms)
    i.delay_xms                              0x080023cc   Section        0  delay.o(i.delay_xms)
    i.fputc                                  0x08002418   Section        0  usart.o(i.fputc)
    i.isdigit                                0x08002434   Section        0  rs485.o(i.isdigit)
    i.isspace                                0x08002446   Section        0  rs485.o(i.isspace)
    i.main                                   0x08002468   Section        0  main.o(i.main)
    i.readChar                               0x08002570   Section        0  mqttpacket.o(i.readChar)
    i.readInt                                0x0800257e   Section        0  mqttpacket.o(i.readInt)
    i.readMQTTLenString                      0x08002598   Section        0  mqttpacket.o(i.readMQTTLenString)
    i.writeCString                           0x080025de   Section        0  mqttpacket.o(i.writeCString)
    i.writeChar                              0x08002606   Section        0  mqttpacket.o(i.writeChar)
    i.writeInt                               0x08002612   Section        0  mqttpacket.o(i.writeInt)
    i.writeMQTTString                        0x08002642   Section        0  mqttpacket.o(i.writeMQTTString)
    .data                                    0x20000000   Section        4  delay.o(.data)
    fac_us                                   0x20000000   Data           1  delay.o(.data)
    fac_ms                                   0x20000002   Data           2  delay.o(.data)
    .data                                    0x20000004   Section       12  usart.o(.data)
    .data                                    0x20000010   Section       16  stm32f4xx_rcc.o(.data)
    APBAHBPrescTable                         0x20000010   Data          16  stm32f4xx_rcc.o(.data)
    .data                                    0x20000020   Section        4  mqttpacket.o(.data)
    bufptr                                   0x20000020   Data           4  mqttpacket.o(.data)
    .data                                    0x20000024   Section        4  mqttconfig.o(.data)
    .data                                    0x20000028   Section        1  wifi.o(.data)
    .data                                    0x20000029   Section        2  rs485.o(.data)
    .data                                    0x2000002c   Section        4  strtok.o(.data)
    state                                    0x2000002c   Data           4  strtok.o(.data)
    .bss                                     0x20000030   Section      650  usart.o(.bss)
    .bss                                     0x200002ba   Section        9  rs485.o(.bss)
    STACK                                    0x200002c8   Section     1024  startup_stm32f40_41xxx.o(STACK)

    Global Symbols

    Symbol Name                              Value     Ov Type        Size  Object(Section)

    BuildAttributes$$THM_ISAv4$E$P$D$K$B$S$7EM$VFPi3$EXTD16$VFPS$VFMA$PE$A:L22UL41UL21$X:L11$S22US41US21$IEEE1$IW$USESV6$~STKCKD$USESV7$~SHL$OSPACE$ROPI$EBA8$MICROLIB$REQ8$PRES8$EABIv2 0x00000000   Number         0  anon$$obj.o ABSOLUTE
    __ARM_use_no_argv                        0x00000000   Number         0  main.o ABSOLUTE
    __use_no_errno                           0x00000000   Number         0  useno.o ABSOLUTE
    __use_no_exception_handling              0x00000000   Number         0  useno.o ABSOLUTE
    __use_no_fp                              0x00000000   Number         0  useno.o ABSOLUTE
    __use_no_heap                            0x00000000   Number         0  useno.o ABSOLUTE
    __use_no_heap_region                     0x00000000   Number         0  useno.o ABSOLUTE
    __use_no_semihosting                     0x00000000   Number         0  useno.o ABSOLUTE
    __use_no_semihosting_swi                 0x00000000   Number         0  useno.o ABSOLUTE
    __use_no_signal_handling                 0x00000000   Number         0  useno.o ABSOLUTE
    _printf_a                                0x00000000   Number         0  stubs.o ABSOLUTE
    _printf_c                                0x00000000   Number         0  stubs.o ABSOLUTE
    _printf_charcount                        0x00000000   Number         0  stubs.o ABSOLUTE
    _printf_d                                0x00000000   Number         0  stubs.o ABSOLUTE
    _printf_e                                0x00000000   Number         0  stubs.o ABSOLUTE
    _printf_f                                0x00000000   Number         0  stubs.o ABSOLUTE
    _printf_flags                            0x00000000   Number         0  stubs.o ABSOLUTE
    _printf_fp_dec                           0x00000000   Number         0  stubs.o ABSOLUTE
    _printf_fp_hex                           0x00000000   Number         0  stubs.o ABSOLUTE
    _printf_g                                0x00000000   Number         0  stubs.o ABSOLUTE
    _printf_i                                0x00000000   Number         0  stubs.o ABSOLUTE
    _printf_int_dec                          0x00000000   Number         0  stubs.o ABSOLUTE
    _printf_l                                0x00000000   Number         0  stubs.o ABSOLUTE
    _printf_lc                               0x00000000   Number         0  stubs.o ABSOLUTE
    _printf_ll                               0x00000000   Number         0  stubs.o ABSOLUTE
    _printf_lld                              0x00000000   Number         0  stubs.o ABSOLUTE
    _printf_lli                              0x00000000   Number         0  stubs.o ABSOLUTE
    _printf_llo                              0x00000000   Number         0  stubs.o ABSOLUTE
    _printf_llu                              0x00000000   Number         0  stubs.o ABSOLUTE
    _printf_llx                              0x00000000   Number         0  stubs.o ABSOLUTE
    _printf_longlong_dec                     0x00000000   Number         0  stubs.o ABSOLUTE
    _printf_longlong_hex                     0x00000000   Number         0  stubs.o ABSOLUTE
    _printf_longlong_oct                     0x00000000   Number         0  stubs.o ABSOLUTE
    _printf_ls                               0x00000000   Number         0  stubs.o ABSOLUTE
    _printf_mbtowc                           0x00000000   Number         0  stubs.o ABSOLUTE
    _printf_n                                0x00000000   Number         0  stubs.o ABSOLUTE
    _printf_o                                0x00000000   Number         0  stubs.o ABSOLUTE
    _printf_p                                0x00000000   Number         0  stubs.o ABSOLUTE
    _printf_percent                          0x00000000   Number         0  stubs.o ABSOLUTE
    _printf_pre_padding                      0x00000000   Number         0  stubs.o ABSOLUTE
    _printf_return_value                     0x00000000   Number         0  stubs.o ABSOLUTE
    _printf_s                                0x00000000   Number         0  stubs.o ABSOLUTE
    _printf_sizespec                         0x00000000   Number         0  stubs.o ABSOLUTE
    _printf_str                              0x00000000   Number         0  stubs.o ABSOLUTE
    _printf_truncate_signed                  0x00000000   Number         0  stubs.o ABSOLUTE
    _printf_truncate_unsigned                0x00000000   Number         0  stubs.o ABSOLUTE
    _printf_u                                0x00000000   Number         0  stubs.o ABSOLUTE
    _printf_wc                               0x00000000   Number         0  stubs.o ABSOLUTE
    _printf_wctomb                           0x00000000   Number         0  stubs.o ABSOLUTE
    _printf_widthprec                        0x00000000   Number         0  stubs.o ABSOLUTE
    _printf_x                                0x00000000   Number         0  stubs.o ABSOLUTE
    __cpp_initialize__aeabi_                  - Undefined Weak Reference
    __cxa_finalize                            - Undefined Weak Reference
    __decompress                              - Undefined Weak Reference
    _clock_init                               - Undefined Weak Reference
    _microlib_exit                            - Undefined Weak Reference
    __Vectors_Size                           0x00000188   Number         0  startup_stm32f40_41xxx.o ABSOLUTE
    __Vectors                                0x08000000   Data           4  startup_stm32f40_41xxx.o(RESET)
    __Vectors_End                            0x08000188   Data           0  startup_stm32f40_41xxx.o(RESET)
    __main                                   0x08000189   Thumb Code     0  entry.o(.ARM.Collect$$$$00000000)
    _main_stk                                0x08000189   Thumb Code     0  entry2.o(.ARM.Collect$$$$00000001)
    _main_scatterload                        0x0800018d   Thumb Code     0  entry5.o(.ARM.Collect$$$$00000004)
    __main_after_scatterload                 0x08000191   Thumb Code     0  entry5.o(.ARM.Collect$$$$00000004)
    _main_clock                              0x08000191   Thumb Code     0  entry7b.o(.ARM.Collect$$$$00000008)
    _main_cpp_init                           0x08000191   Thumb Code     0  entry8b.o(.ARM.Collect$$$$0000000A)
    _main_init                               0x08000191   Thumb Code     0  entry9a.o(.ARM.Collect$$$$0000000B)
    __rt_final_cpp                           0x08000199   Thumb Code     0  entry10a.o(.ARM.Collect$$$$0000000D)
    __rt_final_exit                          0x08000199   Thumb Code     0  entry11a.o(.ARM.Collect$$$$0000000F)
    Reset_Handler                            0x0800019d   Thumb Code     8  startup_stm32f40_41xxx.o(.text)
    ADC_IRQHandler                           0x080001b7   Thumb Code     0  startup_stm32f40_41xxx.o(.text)
    CAN1_RX0_IRQHandler                      0x080001b7   Thumb Code     0  startup_stm32f40_41xxx.o(.text)
    CAN1_RX1_IRQHandler                      0x080001b7   Thumb Code     0  startup_stm32f40_41xxx.o(.text)
    CAN1_SCE_IRQHandler                      0x080001b7   Thumb Code     0  startup_stm32f40_41xxx.o(.text)
    CAN1_TX_IRQHandler                       0x080001b7   Thumb Code     0  startup_stm32f40_41xxx.o(.text)
    CAN2_RX0_IRQHandler                      0x080001b7   Thumb Code     0  startup_stm32f40_41xxx.o(.text)
    CAN2_RX1_IRQHandler                      0x080001b7   Thumb Code     0  startup_stm32f40_41xxx.o(.text)
    CAN2_SCE_IRQHandler                      0x080001b7   Thumb Code     0  startup_stm32f40_41xxx.o(.text)
    CAN2_TX_IRQHandler                       0x080001b7   Thumb Code     0  startup_stm32f40_41xxx.o(.text)
    CRYP_IRQHandler                          0x080001b7   Thumb Code     0  startup_stm32f40_41xxx.o(.text)
    DCMI_IRQHandler                          0x080001b7   Thumb Code     0  startup_stm32f40_41xxx.o(.text)
    DMA1_Stream0_IRQHandler                  0x080001b7   Thumb Code     0  startup_stm32f40_41xxx.o(.text)
    DMA1_Stream1_IRQHandler                  0x080001b7   Thumb Code     0  startup_stm32f40_41xxx.o(.text)
    DMA1_Stream2_IRQHandler                  0x080001b7   Thumb Code     0  startup_stm32f40_41xxx.o(.text)
    DMA1_Stream3_IRQHandler                  0x080001b7   Thumb Code     0  startup_stm32f40_41xxx.o(.text)
    DMA1_Stream4_IRQHandler                  0x080001b7   Thumb Code     0  startup_stm32f40_41xxx.o(.text)
    DMA1_Stream5_IRQHandler                  0x080001b7   Thumb Code     0  startup_stm32f40_41xxx.o(.text)
    DMA1_Stream6_IRQHandler                  0x080001b7   Thumb Code     0  startup_stm32f40_41xxx.o(.text)
    DMA1_Stream7_IRQHandler                  0x080001b7   Thumb Code     0  startup_stm32f40_41xxx.o(.text)
    DMA2_Stream0_IRQHandler                  0x080001b7   Thumb Code     0  startup_stm32f40_41xxx.o(.text)
    DMA2_Stream1_IRQHandler                  0x080001b7   Thumb Code     0  startup_stm32f40_41xxx.o(.text)
    DMA2_Stream2_IRQHandler                  0x080001b7   Thumb Code     0  startup_stm32f40_41xxx.o(.text)
    DMA2_Stream3_IRQHandler                  0x080001b7   Thumb Code     0  startup_stm32f40_41xxx.o(.text)
    DMA2_Stream4_IRQHandler                  0x080001b7   Thumb Code     0  startup_stm32f40_41xxx.o(.text)
    DMA2_Stream5_IRQHandler                  0x080001b7   Thumb Code     0  startup_stm32f40_41xxx.o(.text)
    DMA2_Stream6_IRQHandler                  0x080001b7   Thumb Code     0  startup_stm32f40_41xxx.o(.text)
    DMA2_Stream7_IRQHandler                  0x080001b7   Thumb Code     0  startup_stm32f40_41xxx.o(.text)
    ETH_IRQHandler                           0x080001b7   Thumb Code     0  startup_stm32f40_41xxx.o(.text)
    ETH_WKUP_IRQHandler                      0x080001b7   Thumb Code     0  startup_stm32f40_41xxx.o(.text)
    EXTI0_IRQHandler                         0x080001b7   Thumb Code     0  startup_stm32f40_41xxx.o(.text)
    EXTI15_10_IRQHandler                     0x080001b7   Thumb Code     0  startup_stm32f40_41xxx.o(.text)
    EXTI1_IRQHandler                         0x080001b7   Thumb Code     0  startup_stm32f40_41xxx.o(.text)
    EXTI2_IRQHandler                         0x080001b7   Thumb Code     0  startup_stm32f40_41xxx.o(.text)
    EXTI3_IRQHandler                         0x080001b7   Thumb Code     0  startup_stm32f40_41xxx.o(.text)
    EXTI4_IRQHandler                         0x080001b7   Thumb Code     0  startup_stm32f40_41xxx.o(.text)
    EXTI9_5_IRQHandler                       0x080001b7   Thumb Code     0  startup_stm32f40_41xxx.o(.text)
    FLASH_IRQHandler                         0x080001b7   Thumb Code     0  startup_stm32f40_41xxx.o(.text)
    FPU_IRQHandler                           0x080001b7   Thumb Code     0  startup_stm32f40_41xxx.o(.text)
    FSMC_IRQHandler                          0x080001b7   Thumb Code     0  startup_stm32f40_41xxx.o(.text)
    HASH_RNG_IRQHandler                      0x080001b7   Thumb Code     0  startup_stm32f40_41xxx.o(.text)
    I2C1_ER_IRQHandler                       0x080001b7   Thumb Code     0  startup_stm32f40_41xxx.o(.text)
    I2C1_EV_IRQHandler                       0x080001b7   Thumb Code     0  startup_stm32f40_41xxx.o(.text)
    I2C2_ER_IRQHandler                       0x080001b7   Thumb Code     0  startup_stm32f40_41xxx.o(.text)
    I2C2_EV_IRQHandler                       0x080001b7   Thumb Code     0  startup_stm32f40_41xxx.o(.text)
    I2C3_ER_IRQHandler                       0x080001b7   Thumb Code     0  startup_stm32f40_41xxx.o(.text)
    I2C3_EV_IRQHandler                       0x080001b7   Thumb Code     0  startup_stm32f40_41xxx.o(.text)
    OTG_FS_IRQHandler                        0x080001b7   Thumb Code     0  startup_stm32f40_41xxx.o(.text)
    OTG_FS_WKUP_IRQHandler                   0x080001b7   Thumb Code     0  startup_stm32f40_41xxx.o(.text)
    OTG_HS_EP1_IN_IRQHandler                 0x080001b7   Thumb Code     0  startup_stm32f40_41xxx.o(.text)
    OTG_HS_EP1_OUT_IRQHandler                0x080001b7   Thumb Code     0  startup_stm32f40_41xxx.o(.text)
    OTG_HS_IRQHandler                        0x080001b7   Thumb Code     0  startup_stm32f40_41xxx.o(.text)
    OTG_HS_WKUP_IRQHandler                   0x080001b7   Thumb Code     0  startup_stm32f40_41xxx.o(.text)
    PVD_IRQHandler                           0x080001b7   Thumb Code     0  startup_stm32f40_41xxx.o(.text)
    RCC_IRQHandler                           0x080001b7   Thumb Code     0  startup_stm32f40_41xxx.o(.text)
    RTC_Alarm_IRQHandler                     0x080001b7   Thumb Code     0  startup_stm32f40_41xxx.o(.text)
    RTC_WKUP_IRQHandler                      0x080001b7   Thumb Code     0  startup_stm32f40_41xxx.o(.text)
    SDIO_IRQHandler                          0x080001b7   Thumb Code     0  startup_stm32f40_41xxx.o(.text)
    SPI1_IRQHandler                          0x080001b7   Thumb Code     0  startup_stm32f40_41xxx.o(.text)
    SPI2_IRQHandler                          0x080001b7   Thumb Code     0  startup_stm32f40_41xxx.o(.text)
    SPI3_IRQHandler                          0x080001b7   Thumb Code     0  startup_stm32f40_41xxx.o(.text)
    TAMP_STAMP_IRQHandler                    0x080001b7   Thumb Code     0  startup_stm32f40_41xxx.o(.text)
    TIM1_BRK_TIM9_IRQHandler                 0x080001b7   Thumb Code     0  startup_stm32f40_41xxx.o(.text)
    TIM1_CC_IRQHandler                       0x080001b7   Thumb Code     0  startup_stm32f40_41xxx.o(.text)
    TIM1_TRG_COM_TIM11_IRQHandler            0x080001b7   Thumb Code     0  startup_stm32f40_41xxx.o(.text)
    TIM1_UP_TIM10_IRQHandler                 0x080001b7   Thumb Code     0  startup_stm32f40_41xxx.o(.text)
    TIM2_IRQHandler                          0x080001b7   Thumb Code     0  startup_stm32f40_41xxx.o(.text)
    TIM3_IRQHandler                          0x080001b7   Thumb Code     0  startup_stm32f40_41xxx.o(.text)
    TIM4_IRQHandler                          0x080001b7   Thumb Code     0  startup_stm32f40_41xxx.o(.text)
    TIM5_IRQHandler                          0x080001b7   Thumb Code     0  startup_stm32f40_41xxx.o(.text)
    TIM6_DAC_IRQHandler                      0x080001b7   Thumb Code     0  startup_stm32f40_41xxx.o(.text)
    TIM7_IRQHandler                          0x080001b7   Thumb Code     0  startup_stm32f40_41xxx.o(.text)
    TIM8_BRK_TIM12_IRQHandler                0x080001b7   Thumb Code     0  startup_stm32f40_41xxx.o(.text)
    TIM8_CC_IRQHandler                       0x080001b7   Thumb Code     0  startup_stm32f40_41xxx.o(.text)
    TIM8_TRG_COM_TIM14_IRQHandler            0x080001b7   Thumb Code     0  startup_stm32f40_41xxx.o(.text)
    TIM8_UP_TIM13_IRQHandler                 0x080001b7   Thumb Code     0  startup_stm32f40_41xxx.o(.text)
    UART4_IRQHandler                         0x080001b7   Thumb Code     0  startup_stm32f40_41xxx.o(.text)
    UART5_IRQHandler                         0x080001b7   Thumb Code     0  startup_stm32f40_41xxx.o(.text)
    USART6_IRQHandler                        0x080001b7   Thumb Code     0  startup_stm32f40_41xxx.o(.text)
    WWDG_IRQHandler                          0x080001b7   Thumb Code     0  startup_stm32f40_41xxx.o(.text)
    __aeabi_memcpy                           0x080001c1   Thumb Code    36  memcpya.o(.text)
    __aeabi_memcpy4                          0x080001c1   Thumb Code     0  memcpya.o(.text)
    __aeabi_memcpy8                          0x080001c1   Thumb Code     0  memcpya.o(.text)
    __aeabi_memset                           0x080001e5   Thumb Code    14  memseta.o(.text)
    __aeabi_memset4                          0x080001e5   Thumb Code     0  memseta.o(.text)
    __aeabi_memset8                          0x080001e5   Thumb Code     0  memseta.o(.text)
    __aeabi_memclr                           0x080001f3   Thumb Code     4  memseta.o(.text)
    __aeabi_memclr4                          0x080001f3   Thumb Code     0  memseta.o(.text)
    __aeabi_memclr8                          0x080001f3   Thumb Code     0  memseta.o(.text)
    _memset$wrapper                          0x080001f7   Thumb Code    18  memseta.o(.text)
    strcat                                   0x08000209   Thumb Code    24  strcat.o(.text)
    strstr                                   0x08000221   Thumb Code    36  strstr.o(.text)
    strlen                                   0x08000245   Thumb Code    14  strlen.o(.text)
    strcmp                                   0x08000253   Thumb Code    28  strcmp.o(.text)
    strtok                                   0x08000271   Thumb Code    62  strtok.o(.text)
    __aeabi_ddiv                             0x080002b5   Thumb Code   222  ddiv.o(.text)
    __aeabi_i2d                              0x08000393   Thumb Code    34  dflti.o(.text)
    __aeabi_d2iz                             0x080003b5   Thumb Code    62  dfixi.o(.text)
    __aeabi_uidiv                            0x080003f3   Thumb Code     0  uidiv.o(.text)
    __aeabi_uidivmod                         0x080003f3   Thumb Code    44  uidiv.o(.text)
    __aeabi_llsr                             0x0800041f   Thumb Code    32  llushr.o(.text)
    _ll_ushift_r                             0x0800041f   Thumb Code     0  llushr.o(.text)
    __I$use$fp                               0x0800043f   Thumb Code     0  iusefp.o(.text)
    _double_round                            0x0800043f   Thumb Code    30  depilogue.o(.text)
    _double_epilogue                         0x0800045d   Thumb Code   156  depilogue.o(.text)
    __scatterload                            0x080004f9   Thumb Code    28  init.o(.text)
    __scatterload_rt2                        0x080004f9   Thumb Code     0  init.o(.text)
    __aeabi_llsl                             0x0800051d   Thumb Code    30  llshl.o(.text)
    _ll_shift_l                              0x0800051d   Thumb Code     0  llshl.o(.text)
    BusFault_Handler                         0x0800053b   Thumb Code     4  stm32f4xx_it.o(i.BusFault_Handler)
    CheckCRC                                 0x0800053f   Thumb Code    76  rs485.o(i.CheckCRC)
    ConnectToServer                          0x0800058d   Thumb Code   162  mqttconfig.o(i.ConnectToServer)
    DebugMon_Handler                         0x0800067d   Thumb Code     2  stm32f4xx_it.o(i.DebugMon_Handler)
    GPIO_Init                                0x0800067f   Thumb Code   144  stm32f4xx_gpio.o(i.GPIO_Init)
    GPIO_PinAFConfig                         0x0800070f   Thumb Code    70  stm32f4xx_gpio.o(i.GPIO_PinAFConfig)
    GPIO_SetBits                             0x08000755   Thumb Code     4  stm32f4xx_gpio.o(i.GPIO_SetBits)
    GetHumAndTemp                            0x08000759   Thumb Code   152  rs485.o(i.GetHumAndTemp)
    HardFault_Handler                        0x080007f9   Thumb Code     4  stm32f4xx_it.o(i.HardFault_Handler)
    LED_Init                                 0x080007fd   Thumb Code    60  led.o(i.LED_Init)
    MQTTClientConfig                         0x0800083d   Thumb Code   150  wifi.o(i.MQTTClientConfig)
    MQTTDeserialize_connack                  0x080008fd   Thumb Code   118  mqttconnect.o(i.MQTTDeserialize_connack)
    MQTTDeserialize_publish                  0x08000973   Thumb Code   168  mqttpublish.o(i.MQTTDeserialize_publish)
    MQTTPacket_decode                        0x08000a1b   Thumb Code    88  mqttpacket.o(i.MQTTPacket_decode)
    MQTTPacket_decodeBuf                     0x08000a75   Thumb Code    20  mqttpacket.o(i.MQTTPacket_decodeBuf)
    MQTTPacket_encode                        0x08000a91   Thumb Code    54  mqttpacket.o(i.MQTTPacket_encode)
    MQTTPacket_len                           0x08000ac9   Thumb Code    34  mqttpacket.o(i.MQTTPacket_len)
    MQTTSerialize_connect                    0x08000af1   Thumb Code   340  mqttconnect.o(i.MQTTSerialize_connect)
    MQTTSerialize_connectLength              0x08000c55   Thumb Code   118  mqttconnect.o(i.MQTTSerialize_connectLength)
    MQTTSerialize_publish                    0x08000ccb   Thumb Code   172  mqttpublish.o(i.MQTTSerialize_publish)
    MQTTSerialize_publishLength              0x08000d77   Thumb Code    34  mqttpublish.o(i.MQTTSerialize_publishLength)
    MQTTSerialize_subscribe                  0x08000d99   Thumb Code   176  mqttsubscribe.o(i.MQTTSerialize_subscribe)
    MQTTSerialize_subscribeLength            0x08000e49   Thumb Code    46  mqttsubscribe.o(i.MQTTSerialize_subscribeLength)
    MQTTSerialize_unsubscribe                0x08000e77   Thumb Code   166  mqttsubscribe.o(i.MQTTSerialize_unsubscribe)
    MQTTSerialize_unsubscribeLength          0x08000f1d   Thumb Code    46  mqttsubscribe.o(i.MQTTSerialize_unsubscribeLength)
    MQTTstrlen                               0x08000f4b   Thumb Code    24  mqttpacket.o(i.MQTTstrlen)
    MemManage_Handler                        0x08000f63   Thumb Code     4  stm32f4xx_it.o(i.MemManage_Handler)
    ModBusConfig                             0x08000f69   Thumb Code    90  rs485.o(i.ModBusConfig)
    NMI_Handler                              0x08000fcd   Thumb Code     2  stm32f4xx_it.o(i.NMI_Handler)
    NVIC_Init                                0x08000fd1   Thumb Code   106  misc.o(i.NVIC_Init)
    PendSV_Handler                           0x08001049   Thumb Code     2  stm32f4xx_it.o(i.PendSV_Handler)
    PublishMessage                           0x0800104d   Thumb Code   122  mqttconfig.o(i.PublishMessage)
    PublishMessageAnalysis                   0x0800114d   Thumb Code    78  mqttconfig.o(i.PublishMessageAnalysis)
    RCC_AHB1PeriphClockCmd                   0x080011cd   Thumb Code    26  stm32f4xx_rcc.o(i.RCC_AHB1PeriphClockCmd)
    RCC_APB1PeriphClockCmd                   0x080011ed   Thumb Code    26  stm32f4xx_rcc.o(i.RCC_APB1PeriphClockCmd)
    RCC_APB2PeriphClockCmd                   0x0800120d   Thumb Code    26  stm32f4xx_rcc.o(i.RCC_APB2PeriphClockCmd)
    RCC_GetClocksFreq                        0x0800122d   Thumb Code   214  stm32f4xx_rcc.o(i.RCC_GetClocksFreq)
    RS485_Init                               0x08001315   Thumb Code   364  rs485.o(i.RS485_Init)
    Receive_AT_Data                          0x080014bd   Thumb Code    14  wifi.o(i.Receive_AT_Data)
    Receive_Connect_Data                     0x080014d5   Thumb Code   100  mqttconfig.o(i.Receive_Connect_Data)
    SVC_Handler                              0x08001595   Thumb Code     2  stm32f4xx_it.o(i.SVC_Handler)
    SubscribeTheam                           0x08001685   Thumb Code    96  mqttconfig.o(i.SubscribeTheam)
    SysTick_CLKSourceConfig                  0x08001709   Thumb Code    40  misc.o(i.SysTick_CLKSourceConfig)
    SysTick_Handler                          0x08001731   Thumb Code     2  stm32f4xx_it.o(i.SysTick_Handler)
    SystemInit                               0x08001735   Thumb Code    88  system_stm32f4xx.o(i.SystemInit)
    USART1_IRQHandler                        0x0800179d   Thumb Code   220  usart.o(i.USART1_IRQHandler)
    USART1_Init                              0x080018f1   Thumb Code   184  usart.o(i.USART1_Init)
    USART2_IRQHandler                        0x080019b1   Thumb Code    92  rs485.o(i.USART2_IRQHandler)
    USART3_IRQHandler                        0x08001a1d   Thumb Code   240  usart.o(i.USART3_IRQHandler)
    USART3_Init                              0x08001b45   Thumb Code   184  usart.o(i.USART3_Init)
    USART3_Write                             0x08001c05   Thumb Code    50  wifi.o(i.USART3_Write)
    USART_ClearFlag                          0x08001c3d   Thumb Code    18  stm32f4xx_usart.o(i.USART_ClearFlag)
    USART_Cmd                                0x08001c4f   Thumb Code    24  stm32f4xx_usart.o(i.USART_Cmd)
    USART_GetFlagStatus                      0x08001c67   Thumb Code    26  stm32f4xx_usart.o(i.USART_GetFlagStatus)
    USART_GetITStatus                        0x08001c81   Thumb Code    84  stm32f4xx_usart.o(i.USART_GetITStatus)
    USART_ITConfig                           0x08001cd5   Thumb Code    74  stm32f4xx_usart.o(i.USART_ITConfig)
    USART_Init                               0x08001d21   Thumb Code   204  stm32f4xx_usart.o(i.USART_Init)
    USART_ReceiveData                        0x08001df5   Thumb Code    10  stm32f4xx_usart.o(i.USART_ReceiveData)
    USART_SendData                           0x08001dff   Thumb Code     8  stm32f4xx_usart.o(i.USART_SendData)
    UnsubscribeThem                          0x08001e09   Thumb Code    88  mqttconfig.o(i.UnsubscribeThem)
    UsageFault_Handler                       0x08001e89   Thumb Code     4  stm32f4xx_it.o(i.UsageFault_Handler)
    WIFIInit                                 0x08001e8d   Thumb Code   112  wifi.o(i.WIFIInit)
    WIFISendAT                               0x08001f8d   Thumb Code   126  wifi.o(i.WIFISendAT)
    WriteData                                0x08002025   Thumb Code   140  rs485.o(i.WriteData)
    __0printf$3                              0x080020b9   Thumb Code    22  printf3.o(i.__0printf$3)
    __1printf$3                              0x080020b9   Thumb Code     0  printf3.o(i.__0printf$3)
    __2printf                                0x080020b9   Thumb Code     0  printf3.o(i.__0printf$3)
    __0sprintf$3                             0x080020d9   Thumb Code    34  printf3.o(i.__0sprintf$3)
    __1sprintf$3                             0x080020d9   Thumb Code     0  printf3.o(i.__0sprintf$3)
    __2sprintf                               0x080020d9   Thumb Code     0  printf3.o(i.__0sprintf$3)
    __scatterload_copy                       0x08002101   Thumb Code    14  handlers.o(i.__scatterload_copy)
    __scatterload_null                       0x0800210f   Thumb Code     2  handlers.o(i.__scatterload_null)
    __scatterload_zeroinit                   0x08002111   Thumb Code    14  handlers.o(i.__scatterload_zeroinit)
    atoi                                     0x080022e3   Thumb Code    76  rs485.o(i.atoi)
    bufchar                                  0x08002331   Thumb Code    36  mqttpacket.o(i.bufchar)
    delay_init                               0x08002359   Thumb Code    52  delay.o(i.delay_init)
    delay_ms                                 0x08002395   Thumb Code    56  delay.o(i.delay_ms)
    delay_xms                                0x080023cd   Thumb Code    72  delay.o(i.delay_xms)
    fputc                                    0x08002419   Thumb Code    22  usart.o(i.fputc)
    isdigit                                  0x08002435   Thumb Code    18  rs485.o(i.isdigit)
    isspace                                  0x08002447   Thumb Code    34  rs485.o(i.isspace)
    main                                     0x08002469   Thumb Code   242  main.o(i.main)
    readChar                                 0x08002571   Thumb Code    14  mqttpacket.o(i.readChar)
    readInt                                  0x0800257f   Thumb Code    26  mqttpacket.o(i.readInt)
    readMQTTLenString                        0x08002599   Thumb Code    70  mqttpacket.o(i.readMQTTLenString)
    writeCString                             0x080025df   Thumb Code    40  mqttpacket.o(i.writeCString)
    writeChar                                0x08002607   Thumb Code    12  mqttpacket.o(i.writeChar)
    writeInt                                 0x08002613   Thumb Code    48  mqttpacket.o(i.writeInt)
    writeMQTTString                          0x08002643   Thumb Code    62  mqttpacket.o(i.writeMQTTString)
    Region$$Table$$Base                      0x08002680   Number         0  anon$$obj.o(Region$$Table)
    Region$$Table$$Limit                     0x080026a0   Number         0  anon$$obj.o(Region$$Table)
    WIFIRxCont                               0x20000004   Data           4  usart.o(.data)
    SUBCont                                  0x20000008   Data           2  usart.o(.data)
    UARTEnum                                 0x2000000a   Data           1  usart.o(.data)
    flag                                     0x2000000b   Data           1  usart.o(.data)
    __stdout                                 0x2000000c   Data           4  usart.o(.data)
    connectflag                              0x20000024   Data           1  mqttconfig.o(.data)
    PACKDID                                  0x20000026   Data           2  mqttconfig.o(.data)
    ATRecState                               0x20000028   Data           1  wifi.o(.data)
    cnt                                      0x20000029   Data           1  rs485.o(.data)
    DataReady                                0x2000002a   Data           1  rs485.o(.data)
    SUBBUF                                   0x20000030   Data         150  usart.o(.bss)
    WIFIRecBuf                               0x200000c6   Data         500  usart.o(.bss)
    DataBuf                                  0x200002ba   Data           9  rs485.o(.bss)
    __initial_sp                             0x200006c8   Data           0  startup_stm32f40_41xxx.o(STACK)



==============================================================================

Memory Map of the image

  Image Entry point : 0x08000189

  Load Region LR_IROM1 (Base: 0x08000000, Size: 0x000026d0, Max: 0x00100000, ABSOLUTE)

    Execution Region ER_IROM1 (Exec base: 0x08000000, Load base: 0x08000000, Size: 0x000026a0, Max: 0x00100000, ABSOLUTE)

    Exec Addr    Load Addr    Size         Type   Attr      Idx    E Section Name        Object

    0x08000000   0x08000000   0x00000188   Data   RO          447    RESET               startup_stm32f40_41xxx.o
    0x08000188   0x08000188   0x00000000   Code   RO         1557  * .ARM.Collect$$$$00000000  mc_w.l(entry.o)
    0x08000188   0x08000188   0x00000004   Code   RO         1847    .ARM.Collect$$$$00000001  mc_w.l(entry2.o)
    0x0800018c   0x0800018c   0x00000004   Code   RO         1850    .ARM.Collect$$$$00000004  mc_w.l(entry5.o)
    0x08000190   0x08000190   0x00000000   Code   RO         1852    .ARM.Collect$$$$00000008  mc_w.l(entry7b.o)
    0x08000190   0x08000190   0x00000000   Code   RO         1854    .ARM.Collect$$$$0000000A  mc_w.l(entry8b.o)
    0x08000190   0x08000190   0x00000008   Code   RO         1855    .ARM.Collect$$$$0000000B  mc_w.l(entry9a.o)
    0x08000198   0x08000198   0x00000000   Code   RO         1857    .ARM.Collect$$$$0000000D  mc_w.l(entry10a.o)
    0x08000198   0x08000198   0x00000000   Code   RO         1859    .ARM.Collect$$$$0000000F  mc_w.l(entry11a.o)
    0x08000198   0x08000198   0x00000004   Code   RO         1848    .ARM.Collect$$$$00002712  mc_w.l(entry2.o)
    0x0800019c   0x0800019c   0x00000024   Code   RO          448    .text               startup_stm32f40_41xxx.o
    0x080001c0   0x080001c0   0x00000024   Code   RO         1560    .text               mc_w.l(memcpya.o)
    0x080001e4   0x080001e4   0x00000024   Code   RO         1562    .text               mc_w.l(memseta.o)
    0x08000208   0x08000208   0x00000018   Code   RO         1564    .text               mc_w.l(strcat.o)
    0x08000220   0x08000220   0x00000024   Code   RO         1566    .text               mc_w.l(strstr.o)
    0x08000244   0x08000244   0x0000000e   Code   RO         1568    .text               mc_w.l(strlen.o)
    0x08000252   0x08000252   0x0000001c   Code   RO         1570    .text               mc_w.l(strcmp.o)
    0x0800026e   0x0800026e   0x00000002   PAD
    0x08000270   0x08000270   0x00000044   Code   RO         1572    .text               mc_w.l(strtok.o)
    0x080002b4   0x080002b4   0x000000de   Code   RO         1841    .text               mf_w.l(ddiv.o)
    0x08000392   0x08000392   0x00000022   Code   RO         1843    .text               mf_w.l(dflti.o)
    0x080003b4   0x080003b4   0x0000003e   Code   RO         1845    .text               mf_w.l(dfixi.o)
    0x080003f2   0x080003f2   0x0000002c   Code   RO         1861    .text               mc_w.l(uidiv.o)
    0x0800041e   0x0800041e   0x00000020   Code   RO         1865    .text               mc_w.l(llushr.o)
    0x0800043e   0x0800043e   0x00000000   Code   RO         1867    .text               mc_w.l(iusefp.o)
    0x0800043e   0x0800043e   0x000000ba   Code   RO         1868    .text               mf_w.l(depilogue.o)
    0x080004f8   0x080004f8   0x00000024   Code   RO         1878    .text               mc_w.l(init.o)
    0x0800051c   0x0800051c   0x0000001e   Code   RO         1880    .text               mc_w.l(llshl.o)
    0x0800053a   0x0800053a   0x00000004   Code   RO          177    i.BusFault_Handler  stm32f4xx_it.o
    0x0800053e   0x0800053e   0x0000004c   Code   RO         1486    i.CheckCRC          rs485.o
    0x0800058a   0x0800058a   0x00000002   PAD
    0x0800058c   0x0800058c   0x000000f0   Code   RO         1368    i.ConnectToServer   mqttconfig.o
    0x0800067c   0x0800067c   0x00000002   Code   RO          178    i.DebugMon_Handler  stm32f4xx_it.o
    0x0800067e   0x0800067e   0x00000090   Code   RO          499    i.GPIO_Init         stm32f4xx_gpio.o
    0x0800070e   0x0800070e   0x00000046   Code   RO          500    i.GPIO_PinAFConfig  stm32f4xx_gpio.o
    0x08000754   0x08000754   0x00000004   Code   RO          507    i.GPIO_SetBits      stm32f4xx_gpio.o
    0x08000758   0x08000758   0x000000a0   Code   RO         1487    i.GetHumAndTemp     rs485.o
    0x080007f8   0x080007f8   0x00000004   Code   RO          179    i.HardFault_Handler  stm32f4xx_it.o
    0x080007fc   0x080007fc   0x00000040   Code   RO          311    i.LED_Init          led.o
    0x0800083c   0x0800083c   0x000000c0   Code   RO         1435    i.MQTTClientConfig  wifi.o
    0x080008fc   0x080008fc   0x00000076   Code   RO         1172    i.MQTTDeserialize_connack  mqttconnect.o
    0x08000972   0x08000972   0x000000a8   Code   RO         1306    i.MQTTDeserialize_publish  mqttpublish.o
    0x08000a1a   0x08000a1a   0x00000058   Code   RO         1217    i.MQTTPacket_decode  mqttpacket.o
    0x08000a72   0x08000a72   0x00000002   PAD
    0x08000a74   0x08000a74   0x0000001c   Code   RO         1218    i.MQTTPacket_decodeBuf  mqttpacket.o
    0x08000a90   0x08000a90   0x00000036   Code   RO         1219    i.MQTTPacket_encode  mqttpacket.o
    0x08000ac6   0x08000ac6   0x00000002   PAD
    0x08000ac8   0x08000ac8   0x00000028   Code   RO         1220    i.MQTTPacket_len    mqttpacket.o
    0x08000af0   0x08000af0   0x00000164   Code   RO         1173    i.MQTTSerialize_connect  mqttconnect.o
    0x08000c54   0x08000c54   0x00000076   Code   RO         1174    i.MQTTSerialize_connectLength  mqttconnect.o
    0x08000cca   0x08000cca   0x000000ac   Code   RO         1307    i.MQTTSerialize_publish  mqttpublish.o
    0x08000d76   0x08000d76   0x00000022   Code   RO         1308    i.MQTTSerialize_publishLength  mqttpublish.o
    0x08000d98   0x08000d98   0x000000b0   Code   RO         1331    i.MQTTSerialize_subscribe  mqttsubscribe.o
    0x08000e48   0x08000e48   0x0000002e   Code   RO         1332    i.MQTTSerialize_subscribeLength  mqttsubscribe.o
    0x08000e76   0x08000e76   0x000000a6   Code   RO         1333    i.MQTTSerialize_unsubscribe  mqttsubscribe.o
    0x08000f1c   0x08000f1c   0x0000002e   Code   RO         1334    i.MQTTSerialize_unsubscribeLength  mqttsubscribe.o
    0x08000f4a   0x08000f4a   0x00000018   Code   RO         1221    i.MQTTstrlen        mqttpacket.o
    0x08000f62   0x08000f62   0x00000004   Code   RO          180    i.MemManage_Handler  stm32f4xx_it.o
    0x08000f66   0x08000f66   0x00000002   PAD
    0x08000f68   0x08000f68   0x00000064   Code   RO         1488    i.ModBusConfig      rs485.o
    0x08000fcc   0x08000fcc   0x00000002   Code   RO          181    i.NMI_Handler       stm32f4xx_it.o
    0x08000fce   0x08000fce   0x00000002   PAD
    0x08000fd0   0x08000fd0   0x00000078   Code   RO          454    i.NVIC_Init         misc.o
    0x08001048   0x08001048   0x00000002   Code   RO          182    i.PendSV_Handler    stm32f4xx_it.o
    0x0800104a   0x0800104a   0x00000002   PAD
    0x0800104c   0x0800104c   0x00000100   Code   RO         1370    i.PublishMessage    mqttconfig.o
    0x0800114c   0x0800114c   0x00000080   Code   RO         1371    i.PublishMessageAnalysis  mqttconfig.o
    0x080011cc   0x080011cc   0x00000020   Code   RO          596    i.RCC_AHB1PeriphClockCmd  stm32f4xx_rcc.o
    0x080011ec   0x080011ec   0x00000020   Code   RO          605    i.RCC_APB1PeriphClockCmd  stm32f4xx_rcc.o
    0x0800120c   0x0800120c   0x00000020   Code   RO          608    i.RCC_APB2PeriphClockCmd  stm32f4xx_rcc.o
    0x0800122c   0x0800122c   0x000000e8   Code   RO          617    i.RCC_GetClocksFreq  stm32f4xx_rcc.o
    0x08001314   0x08001314   0x000001a8   Code   RO         1489    i.RS485_Init        rs485.o
    0x080014bc   0x080014bc   0x00000018   Code   RO         1436    i.Receive_AT_Data   wifi.o
    0x080014d4   0x080014d4   0x000000c0   Code   RO         1372    i.Receive_Connect_Data  mqttconfig.o
    0x08001594   0x08001594   0x00000002   Code   RO          183    i.SVC_Handler       stm32f4xx_it.o
    0x08001596   0x08001596   0x00000002   PAD
    0x08001598   0x08001598   0x000000ec   Code   RO          274    i.SetSysClock       system_stm32f4xx.o
    0x08001684   0x08001684   0x00000084   Code   RO         1373    i.SubscribeTheam    mqttconfig.o
    0x08001708   0x08001708   0x00000028   Code   RO          458    i.SysTick_CLKSourceConfig  misc.o
    0x08001730   0x08001730   0x00000002   Code   RO          184    i.SysTick_Handler   stm32f4xx_it.o
    0x08001732   0x08001732   0x00000002   PAD
    0x08001734   0x08001734   0x00000068   Code   RO          276    i.SystemInit        system_stm32f4xx.o
    0x0800179c   0x0800179c   0x00000154   Code   RO          389    i.USART1_IRQHandler  usart.o
    0x080018f0   0x080018f0   0x000000c0   Code   RO          390    i.USART1_Init       usart.o
    0x080019b0   0x080019b0   0x0000006c   Code   RO         1490    i.USART2_IRQHandler  rs485.o
    0x08001a1c   0x08001a1c   0x00000128   Code   RO          391    i.USART3_IRQHandler  usart.o
    0x08001b44   0x08001b44   0x000000c0   Code   RO          392    i.USART3_Init       usart.o
    0x08001c04   0x08001c04   0x00000038   Code   RO         1437    i.USART3_Write      wifi.o
    0x08001c3c   0x08001c3c   0x00000012   Code   RO          986    i.USART_ClearFlag   stm32f4xx_usart.o
    0x08001c4e   0x08001c4e   0x00000018   Code   RO          990    i.USART_Cmd         stm32f4xx_usart.o
    0x08001c66   0x08001c66   0x0000001a   Code   RO          993    i.USART_GetFlagStatus  stm32f4xx_usart.o
    0x08001c80   0x08001c80   0x00000054   Code   RO          994    i.USART_GetITStatus  stm32f4xx_usart.o
    0x08001cd4   0x08001cd4   0x0000004a   Code   RO          996    i.USART_ITConfig    stm32f4xx_usart.o
    0x08001d1e   0x08001d1e   0x00000002   PAD
    0x08001d20   0x08001d20   0x000000d4   Code   RO          997    i.USART_Init        stm32f4xx_usart.o
    0x08001df4   0x08001df4   0x0000000a   Code   RO         1004    i.USART_ReceiveData  stm32f4xx_usart.o
    0x08001dfe   0x08001dfe   0x00000008   Code   RO         1007    i.USART_SendData    stm32f4xx_usart.o
    0x08001e06   0x08001e06   0x00000002   PAD
    0x08001e08   0x08001e08   0x00000080   Code   RO         1374    i.UnsubscribeThem   mqttconfig.o
    0x08001e88   0x08001e88   0x00000004   Code   RO          185    i.UsageFault_Handler  stm32f4xx_it.o
    0x08001e8c   0x08001e8c   0x00000100   Code   RO         1438    i.WIFIInit          wifi.o
    0x08001f8c   0x08001f8c   0x00000098   Code   RO         1439    i.WIFISendAT        wifi.o
    0x08002024   0x08002024   0x00000094   Code   RO         1491    i.WriteData         rs485.o
    0x080020b8   0x080020b8   0x00000020   Code   RO         1669    i.__0printf$3       mc_w.l(printf3.o)
    0x080020d8   0x080020d8   0x00000028   Code   RO         1671    i.__0sprintf$3      mc_w.l(printf3.o)
    0x08002100   0x08002100   0x0000000e   Code   RO         1886    i.__scatterload_copy  mc_w.l(handlers.o)
    0x0800210e   0x0800210e   0x00000002   Code   RO         1887    i.__scatterload_null  mc_w.l(handlers.o)
    0x08002110   0x08002110   0x0000000e   Code   RO         1888    i.__scatterload_zeroinit  mc_w.l(handlers.o)
    0x0800211e   0x0800211e   0x00000002   PAD
    0x08002120   0x08002120   0x000001b8   Code   RO         1676    i._printf_core      mc_w.l(printf3.o)
    0x080022d8   0x080022d8   0x0000000a   Code   RO         1678    i._sputc            mc_w.l(printf3.o)
    0x080022e2   0x080022e2   0x0000004c   Code   RO         1492    i.atoi              rs485.o
    0x0800232e   0x0800232e   0x00000002   PAD
    0x08002330   0x08002330   0x00000028   Code   RO         1222    i.bufchar           mqttpacket.o
    0x08002358   0x08002358   0x0000003c   Code   RO          331    i.delay_init        delay.o
    0x08002394   0x08002394   0x00000038   Code   RO          332    i.delay_ms          delay.o
    0x080023cc   0x080023cc   0x0000004c   Code   RO          334    i.delay_xms         delay.o
    0x08002418   0x08002418   0x0000001c   Code   RO          394    i.fputc             usart.o
    0x08002434   0x08002434   0x00000012   Code   RO         1493    i.isdigit           rs485.o
    0x08002446   0x08002446   0x00000022   Code   RO         1494    i.isspace           rs485.o
    0x08002468   0x08002468   0x00000108   Code   RO            3    i.main              main.o
    0x08002570   0x08002570   0x0000000e   Code   RO         1223    i.readChar          mqttpacket.o
    0x0800257e   0x0800257e   0x0000001a   Code   RO         1224    i.readInt           mqttpacket.o
    0x08002598   0x08002598   0x00000046   Code   RO         1225    i.readMQTTLenString  mqttpacket.o
    0x080025de   0x080025de   0x00000028   Code   RO         1226    i.writeCString      mqttpacket.o
    0x08002606   0x08002606   0x0000000c   Code   RO         1227    i.writeChar         mqttpacket.o
    0x08002612   0x08002612   0x00000030   Code   RO         1228    i.writeInt          mqttpacket.o
    0x08002642   0x08002642   0x0000003e   Code   RO         1229    i.writeMQTTString   mqttpacket.o
    0x08002680   0x08002680   0x00000020   Data   RO         1884    Region$$Table       anon$$obj.o


    Execution Region RW_IRAM1 (Exec base: 0x20000000, Load base: 0x080026a0, Size: 0x000006c8, Max: 0x00020000, ABSOLUTE)

    Exec Addr    Load Addr    Size         Type   Attr      Idx    E Section Name        Object

    0x20000000   0x080026a0   0x00000004   Data   RW          335    .data               delay.o
    0x20000004   0x080026a4   0x0000000c   Data   RW          396    .data               usart.o
    0x20000010   0x080026b0   0x00000010   Data   RW          649    .data               stm32f4xx_rcc.o
    0x20000020   0x080026c0   0x00000004   Data   RW         1230    .data               mqttpacket.o
    0x20000024   0x080026c4   0x00000004   Data   RW         1375    .data               mqttconfig.o
    0x20000028   0x080026c8   0x00000001   Data   RW         1440    .data               wifi.o
    0x20000029   0x080026c9   0x00000002   Data   RW         1496    .data               rs485.o
    0x2000002b   0x080026cb   0x00000001   PAD
    0x2000002c   0x080026cc   0x00000004   Data   RW         1573    .data               mc_w.l(strtok.o)
    0x20000030        -       0x0000028a   Zero   RW          395    .bss                usart.o
    0x200002ba        -       0x00000009   Zero   RW         1495    .bss                rs485.o
    0x200002c3   0x080026d0   0x00000005   PAD
    0x200002c8        -       0x00000400   Zero   RW          445    STACK               startup_stm32f40_41xxx.o


==============================================================================

Image component sizes


      Code (inc. data)   RO Data    RW Data    ZI Data      Debug   Object Name

       192         12          0          4          0       1900   delay.o
        64          4          0          0          0        519   led.o
       264         22          0          0          0     264815   main.o
       160         14          0          0          0       1498   misc.o
      1076        430          0          4          0       5132   mqttconfig.o
       592         16          0          0          0       2884   mqttconnect.o
       546         18          0          4          0       8648   mqttpacket.o
       374          0          0          0          0       3280   mqttpublish.o
       434          0          0          0          0       3772   mqttsubscribe.o
      1144        102          0          2          9       7375   rs485.o
        36          8        392          0       1024        824   startup_stm32f40_41xxx.o
       218          0          0          0          0       2254   stm32f4xx_gpio.o
        26          0          0          0          0       3926   stm32f4xx_it.o
       328         36          0         16          0       4527   stm32f4xx_rcc.o
       456          8          0          0          0       5907   stm32f4xx_usart.o
       340         32          0          0          0       1425   system_stm32f4xx.o
      1048        198          0         12        650       5441   usart.o
       680        228          0          1          0       3273   wifi.o

    ----------------------------------------------------------------------
      8000       1128        424         44       1688     327400   Object Totals
         0          0         32          0          0          0   (incl. Generated)
        22          0          0          1          5          0   (incl. Padding)

    ----------------------------------------------------------------------

      Code (inc. data)   RO Data    RW Data    ZI Data      Debug   Library Member Name

         0          0          0          0          0          0   entry.o
         0          0          0          0          0          0   entry10a.o
         0          0          0          0          0          0   entry11a.o
         8          4          0          0          0          0   entry2.o
         4          0          0          0          0          0   entry5.o
         0          0          0          0          0          0   entry7b.o
         0          0          0          0          0          0   entry8b.o
         8          4          0          0          0          0   entry9a.o
        30          0          0          0          0          0   handlers.o
        36          8          0          0          0         68   init.o
         0          0          0          0          0          0   iusefp.o
        30          0          0          0          0         68   llshl.o
        32          0          0          0          0         68   llushr.o
        36          0          0          0          0         68   memcpya.o
        36          0          0          0          0        108   memseta.o
       522         20          0          0          0        336   printf3.o
        24          0          0          0          0         68   strcat.o
        28          0          0          0          0         76   strcmp.o
        14          0          0          0          0         68   strlen.o
        36          0          0          0          0         80   strstr.o
        68          6          0          4          0         80   strtok.o
        44          0          0          0          0         80   uidiv.o
       222          0          0          0          0        100   ddiv.o
       186          0          0          0          0        176   depilogue.o
        62          0          0          0          0         80   dfixi.o
        34          0          0          0          0         76   dflti.o

    ----------------------------------------------------------------------
      1464         42          0          4          0       1600   Library Totals
         4          0          0          0          0          0   (incl. Padding)

    ----------------------------------------------------------------------

      Code (inc. data)   RO Data    RW Data    ZI Data      Debug   Library Name

       956         42          0          4          0       1168   mc_w.l
       504          0          0          0          0        432   mf_w.l

    ----------------------------------------------------------------------
      1464         42          0          4          0       1600   Library Totals

    ----------------------------------------------------------------------

==============================================================================


      Code (inc. data)   RO Data    RW Data    ZI Data      Debug   

      9464       1170        424         48       1688     320772   Grand Totals
      9464       1170        424         48       1688     320772   ELF Image Totals
      9464       1170        424         48          0          0   ROM Totals

==============================================================================

    Total RO  Size (Code + RO Data)                 9888 (   9.66kB)
    Total RW  Size (RW Data + ZI Data)              1736 (   1.70kB)
    Total ROM Size (Code + RO Data + RW Data)       9936 (   9.70kB)

==============================================================================

